Archive member included to satisfy reference by file (symbol)

C:/ST/STM32CubeIDE_2.0.0/STM32CubeIDE/plugins/com.st.stm32cube.ide.mcu.externaltools.gnu-tools-for-stm32.13.3.rel1.win32_1.0.100.202509120712/tools/bin/../lib/gcc/arm-none-eabi/13.3.1/../../../../arm-none-eabi/lib/thumb/v8-m.main+fp/hard\libc_nano.a(libc_a-exit.o)
                              C:/ST/STM32CubeIDE_2.0.0/STM32CubeIDE/plugins/com.st.stm32cube.ide.mcu.externaltools.gnu-tools-for-stm32.13.3.rel1.win32_1.0.100.202509120712/tools/bin/../lib/gcc/arm-none-eabi/13.3.1/../../../../arm-none-eabi/lib/thumb/v8-m.main+fp/hard/crt0.o (exit)
C:/ST/STM32CubeIDE_2.0.0/STM32CubeIDE/plugins/com.st.stm32cube.ide.mcu.externaltools.gnu-tools-for-stm32.13.3.rel1.win32_1.0.100.202509120712/tools/bin/../lib/gcc/arm-none-eabi/13.3.1/../../../../arm-none-eabi/lib/thumb/v8-m.main+fp/hard\libc_nano.a(libc_a-findfp.o)
                              C:/ST/STM32CubeIDE_2.0.0/STM32CubeIDE/plugins/com.st.stm32cube.ide.mcu.externaltools.gnu-tools-for-stm32.13.3.rel1.win32_1.0.100.202509120712/tools/bin/../lib/gcc/arm-none-eabi/13.3.1/../../../../arm-none-eabi/lib/thumb/v8-m.main+fp/hard\libc_nano.a(libc_a-exit.o) (__stdio_exit_handler)
C:/ST/STM32CubeIDE_2.0.0/STM32CubeIDE/plugins/com.st.stm32cube.ide.mcu.externaltools.gnu-tools-for-stm32.13.3.rel1.win32_1.0.100.202509120712/tools/bin/../lib/gcc/arm-none-eabi/13.3.1/../../../../arm-none-eabi/lib/thumb/v8-m.main+fp/hard\libc_nano.a(libc_a-fwalk.o)
                              C:/ST/STM32CubeIDE_2.0.0/STM32CubeIDE/plugins/com.st.stm32cube.ide.mcu.externaltools.gnu-tools-for-stm32.13.3.rel1.win32_1.0.100.202509120712/tools/bin/../lib/gcc/arm-none-eabi/13.3.1/../../../../arm-none-eabi/lib/thumb/v8-m.main+fp/hard\libc_nano.a(libc_a-findfp.o) (_fwalk_sglue)
C:/ST/STM32CubeIDE_2.0.0/STM32CubeIDE/plugins/com.st.stm32cube.ide.mcu.externaltools.gnu-tools-for-stm32.13.3.rel1.win32_1.0.100.202509120712/tools/bin/../lib/gcc/arm-none-eabi/13.3.1/../../../../arm-none-eabi/lib/thumb/v8-m.main+fp/hard\libc_nano.a(libc_a-stdio.o)
                              C:/ST/STM32CubeIDE_2.0.0/STM32CubeIDE/plugins/com.st.stm32cube.ide.mcu.externaltools.gnu-tools-for-stm32.13.3.rel1.win32_1.0.100.202509120712/tools/bin/../lib/gcc/arm-none-eabi/13.3.1/../../../../arm-none-eabi/lib/thumb/v8-m.main+fp/hard\libc_nano.a(libc_a-findfp.o) (__sread)
C:/ST/STM32CubeIDE_2.0.0/STM32CubeIDE/plugins/com.st.stm32cube.ide.mcu.externaltools.gnu-tools-for-stm32.13.3.rel1.win32_1.0.100.202509120712/tools/bin/../lib/gcc/arm-none-eabi/13.3.1/../../../../arm-none-eabi/lib/thumb/v8-m.main+fp/hard\libc_nano.a(libc_a-memset.o)
                              C:/ST/STM32CubeIDE_2.0.0/STM32CubeIDE/plugins/com.st.stm32cube.ide.mcu.externaltools.gnu-tools-for-stm32.13.3.rel1.win32_1.0.100.202509120712/tools/bin/../lib/gcc/arm-none-eabi/13.3.1/../../../../arm-none-eabi/lib/thumb/v8-m.main+fp/hard/crt0.o (memset)
C:/ST/STM32CubeIDE_2.0.0/STM32CubeIDE/plugins/com.st.stm32cube.ide.mcu.externaltools.gnu-tools-for-stm32.13.3.rel1.win32_1.0.100.202509120712/tools/bin/../lib/gcc/arm-none-eabi/13.3.1/../../../../arm-none-eabi/lib/thumb/v8-m.main+fp/hard\libc_nano.a(libc_a-closer.o)
                              C:/ST/STM32CubeIDE_2.0.0/STM32CubeIDE/plugins/com.st.stm32cube.ide.mcu.externaltools.gnu-tools-for-stm32.13.3.rel1.win32_1.0.100.202509120712/tools/bin/../lib/gcc/arm-none-eabi/13.3.1/../../../../arm-none-eabi/lib/thumb/v8-m.main+fp/hard\libc_nano.a(libc_a-stdio.o) (_close_r)
C:/ST/STM32CubeIDE_2.0.0/STM32CubeIDE/plugins/com.st.stm32cube.ide.mcu.externaltools.gnu-tools-for-stm32.13.3.rel1.win32_1.0.100.202509120712/tools/bin/../lib/gcc/arm-none-eabi/13.3.1/../../../../arm-none-eabi/lib/thumb/v8-m.main+fp/hard\libc_nano.a(libc_a-reent.o)
                              C:/ST/STM32CubeIDE_2.0.0/STM32CubeIDE/plugins/com.st.stm32cube.ide.mcu.externaltools.gnu-tools-for-stm32.13.3.rel1.win32_1.0.100.202509120712/tools/bin/../lib/gcc/arm-none-eabi/13.3.1/../../../../arm-none-eabi/lib/thumb/v8-m.main+fp/hard\libc_nano.a(libc_a-closer.o) (errno)
C:/ST/STM32CubeIDE_2.0.0/STM32CubeIDE/plugins/com.st.stm32cube.ide.mcu.externaltools.gnu-tools-for-stm32.13.3.rel1.win32_1.0.100.202509120712/tools/bin/../lib/gcc/arm-none-eabi/13.3.1/../../../../arm-none-eabi/lib/thumb/v8-m.main+fp/hard\libc_nano.a(libc_a-impure.o)
                              C:/ST/STM32CubeIDE_2.0.0/STM32CubeIDE/plugins/com.st.stm32cube.ide.mcu.externaltools.gnu-tools-for-stm32.13.3.rel1.win32_1.0.100.202509120712/tools/bin/../lib/gcc/arm-none-eabi/13.3.1/../../../../arm-none-eabi/lib/thumb/v8-m.main+fp/hard\libc_nano.a(libc_a-reent.o) (_impure_ptr)
C:/ST/STM32CubeIDE_2.0.0/STM32CubeIDE/plugins/com.st.stm32cube.ide.mcu.externaltools.gnu-tools-for-stm32.13.3.rel1.win32_1.0.100.202509120712/tools/bin/../lib/gcc/arm-none-eabi/13.3.1/../../../../arm-none-eabi/lib/thumb/v8-m.main+fp/hard\libc_nano.a(libc_a-lseekr.o)
[...]
Memory Configuration

Name             Origin             Length             Attributes
RAM              0x20000000         0x000c0000         xrw
SRAM4            0x28000000         0x00004000         xrw
FLASH            0x08000000         0x00200000         xr
*default*        0x00000000         0xffffffff

Linker script and memory map

LOAD C:/ST/STM32CubeIDE_2.0.0/STM32CubeIDE/plugins/com.st.stm32cube.ide.mcu.externaltools.gnu-tools-for-stm32.13.3.rel1.win32_1.0.100.202509120712/tools/bin/../lib/gcc/arm-none-eabi/13.3.1/thumb/v8-m.main+fp/hard/crti.o
LOAD C:/ST/STM32CubeIDE_2.0.0/STM32CubeIDE/plugins/com.st.stm32cube.ide.mcu.externaltools.gnu-tools-for-stm32.13.3.rel1.win32_1.0.100.202509120712/tools/bin/../lib/gcc/arm-none-eabi/13.3.1/thumb/v8-m.main+fp/hard/crtbegin.o
LOAD C:/ST/STM32CubeIDE_2.0.0/STM32CubeIDE/plugins/com.st.stm32cube.ide.mcu.externaltools.gnu-tools-for-stm32.13.3.rel1.win32_1.0.100.202509120712/tools/bin/../lib/gcc/arm-none-eabi/13.3.1/../../../../arm-none-eabi/lib/thumb/v8-m.main+fp/hard/crt0.o
LOAD ./App/Src/beamformer.o
LOAD ./App/Src/bf_spi.o
LOAD ./App/Src/converter.o
LOAD ./App/Src/main.o
LOAD ./App/Src/usb-spi-control.o
LOAD ./Core/Inc/gpio.o
LOAD ./Core/Src/main.o
LOAD ./Core/Src/stm32u5xx_hal_msp.o
LOAD ./Core/Src/stm32u5xx_hal_timebase_tim.o
LOAD ./Core/Src/stm32u5xx_it.o
LOAD ./Core/Src/syscalls.o
LOAD ./Core/Src/sysmem.o
LOAD ./Core/Src/system_stm32u5xx.o
LOAD ./Core/Startup/startup_stm32u575zitxq.o
LOAD ./Drivers/BSP/STM32U5xx_Nucleo/stm32u5xx_nucleo.o
LOAD ./Drivers/STM32U5xx_HAL_Driver/Src/stm32u5xx_hal.o
LOAD ./Drivers/STM32U5xx_HAL_Driver/Src/stm32u5xx_hal_cortex.o
LOAD ./Drivers/STM32U5xx_HAL_Driver/Src/stm32u5xx_hal_dma.o
LOAD ./Drivers/STM32U5xx_HAL_Driver/Src/stm32u5xx_hal_dma_ex.o
LOAD ./Drivers/STM32U5xx_HAL_Driver/Src/stm32u5xx_hal_exti.o
LOAD ./Drivers/STM32U5xx_HAL_Driver/Src/stm32u5xx_hal_flash.o
LOAD ./Drivers/STM32U5xx_HAL_Driver/Src/stm32u5xx_hal_flash_ex.o
LOAD ./Drivers/STM32U5xx_HAL_Driver/Src/stm32u5xx_hal_gpio.o
LOAD ./Drivers/STM32U5xx_HAL_Driver/Src/stm32u5xx_hal_gtzc.o
LOAD ./Drivers/STM32U5xx_HAL_Driver/Src/stm32u5xx_hal_i2c.o
LOAD ./Drivers/STM32U5xx_HAL_Driver/Src/stm32u5xx_hal_i2c_ex.o
LOAD ./Drivers/STM32U5xx_HAL_Driver/Src/stm32u5xx_hal_icache.o
LOAD ./Drivers/STM32U5xx_HAL_Driver/Src/stm32u5xx_hal_pwr.o
LOAD ./Drivers/STM32U5xx_HAL_Driver/Src/stm32u5xx_hal_pwr_ex.o
LOAD ./Drivers/STM32U5xx_HAL_Driver/Src/stm32u5xx_hal_rcc.o
LOAD ./Drivers/STM32U5xx_HAL_Driver/Src/stm32u5xx_hal_rcc_ex.o
LOAD ./Drivers/STM32U5xx_HAL_Driver/Src/stm32u5xx_hal_spi.o
LOAD ./Drivers/STM32U5xx_HAL_Driver/Src/stm32u5xx_hal_spi_ex.o
LOAD ./Drivers/STM32U5xx_HAL_Driver/Src/stm32u5xx_hal_tim.o
LOAD ./Drivers/STM32U5xx_HAL_Driver/Src/stm32u5xx_hal_tim_ex.o
LOAD ./Drivers/STM32U5xx_HAL_Driver/Src/stm32u5xx_hal_uart.o
LOAD ./Drivers/STM32U5xx_HAL_Driver/Src/stm32u5xx_hal_uart_ex.o
LOAD ./Drivers/STM32U5xx_HAL_Driver/Src/stm32u5xx_hal_usart.o
LOAD ./Drivers/STM32U5xx_HAL_Driver/Src/stm32u5xx_hal_usart_ex.o
START GROUP
LOAD C:/ST/STM32CubeIDE_2.0.0/STM32CubeIDE/plugins/com.st.stm32cube.ide.mcu.externaltools.gnu-tools-for-stm32.13.3.rel1.win32_1.0.100.202509120712/tools/bin/../lib/gcc/arm-none-eabi/13.3.1/../../../../arm-none-eabi/lib/thumb/v8-m.main+fp/hard\libc_nano.a
LOAD C:/ST/STM32CubeIDE_2.0.0/STM32CubeIDE/plugins/com.st.stm32cube.ide.mcu.externaltools.gnu-tools-for-stm32.13.3.rel1.win32_1.0.100.202509120712/tools/bin/../lib/gcc/arm-none-eabi/13.3.1/../../../../arm-none-eabi/lib/thumb/v8-m.main+fp/hard\libm.a
END GROUP
START GROUP
LOAD C:/ST/STM32CubeIDE_2.0.0/STM32CubeIDE/plugins/com.st.stm32cube.ide.mcu.externaltools.gnu-tools-for-stm32.13.3.rel1.win32_1.0.100.202509120712/tools/bin/../lib/gcc/arm-none-eabi/13.3.1/thumb/v8-m.main+fp/hard\libgcc.a
LOAD C:/ST/STM32CubeIDE_2.0.0/STM32CubeIDE/plugins/com.st.stm32cube.ide.mcu.externaltools.gnu-tools-for-stm32.13.3.rel1.win32_1.0.100.202509120712/tools/bin/../lib/gcc/arm-none-eabi/13.3.1/../../../../arm-none-eabi/lib/thumb/v8-m.main+fp/hard\libc_nano.a
END GROUP
START GROUP
LOAD C:/ST/STM32CubeIDE_2.0.0/STM32CubeIDE/plugins/com.st.stm32cube.ide.mcu.externaltools.gnu-tools-for-stm32.13.3.rel1.win32_1.0.100.202509120712/tools/bin/../lib/gcc/arm-none-eabi/13.3.1/thumb/v8-m.main+fp/hard\libgcc.a
LOAD C:/ST/STM32CubeIDE_2.0.0/STM32CubeIDE/plugins/com.st.stm32cube.ide.mcu.externaltools.gnu-tools-for-stm32.13.3.rel1.win32_1.0.100.202509120712/tools/bin/../lib/gcc/arm-none-eabi/13.3.1/../../../../arm-none-eabi/lib/thumb/v8-m.main+fp/hard\libc_nano.a
LOAD C:/ST/STM32CubeIDE_2.0.0/STM32CubeIDE/plugins/com.st.stm32cube.ide.mcu.externaltools.gnu-tools-for-stm32.13.3.rel1.win32_1.0.100.202509120712/tools/bin/../lib/gcc/arm-none-eabi/13.3.1/../../../../arm-none-eabi/lib/thumb/v8-m.main+fp/hard\libnosys.a
END GROUP
START GROUP
LOAD C:/ST/STM32CubeIDE_2.0.0/STM32CubeIDE/plugins/com.st.stm32cube.ide.mcu.externaltools.gnu-tools-for-stm32.13.3.rel1.win32_1.0.100.202509120712/tools/bin/../lib/gcc/arm-none-eabi/13.3.1/thumb/v8-m.main+fp/hard\libgcc.a
LOAD C:/ST/STM32CubeIDE_2.0.0/STM32CubeIDE/plugins/com.st.stm32cube.ide.mcu.externaltools.gnu-tools-for-stm32.13.3.rel1.win32_1.0.100.202509120712/tools/bin/../lib/gcc/arm-none-eabi/13.3.1/../../../../arm-none-eabi/lib/thumb/v8-m.main+fp/hard\libc_nano.a
LOAD C:/ST/STM32CubeIDE_2.0.0/STM32CubeIDE/plugins/com.st.stm32cube.ide.mcu.externaltools.gnu-tools-for-stm32.13.3.rel1.win32_1.0.100.202509120712/tools/bin/../lib/gcc/arm-none-eabi/13.3.1/../../../../arm-none-eabi/lib/thumb/v8-m.main+fp/hard\libnosys.a
END GROUP
LOAD C:/ST/STM32CubeIDE_2.0.0/STM32CubeIDE/plugins/com.st.stm32cube.ide.mcu.externaltools.gnu-tools-for-stm32.13.3.rel1.win32_1.0.100.202509120712/tools/bin/../lib/gcc/arm-none-eabi/13.3.1/thumb/v8-m.main+fp/hard/crtend.o
LOAD C:/ST/STM32CubeIDE_2.0.0/STM32CubeIDE/plugins/com.st.stm32cube.ide.mcu.externaltools.gnu-tools-for-stm32.13.3.rel1.win32_1.0.100.202509120712/tools/bin/../lib/gcc/arm-none-eabi/13.3.1/thumb/v8-m.main+fp/hard/crtn.o
                0x200c0000                        _estack = (ORIGIN (RAM) + LENGTH (RAM))
                0x00000200                        _Min_Heap_Size = 0x200
                0x00000400                        _Min_Stack_Size = 0x400

.isr_vector     0x08000000      0x238
 *(.isr_vector)
 .isr_vector    0x08000000      0x238 ./Core/Startup/startup_stm32u575zitxq.o
                0x08000000                g_pfnVectors

.text           0x08000238     0x7880
 *(.text)
 .text          0x08000238       0x40 C:/ST/STM32CubeIDE_2.0.0/STM32CubeIDE/plugins/com.st.stm32cube.ide.mcu.externaltools.gnu-tools-for-stm32.13.3.rel1.win32_1.0.100.202509120712/tools/bin/../lib/gcc/arm-none-eabi/13.3.1/thumb/v8-m.main+fp/hard/crtbegin.o
 .text          0x08000278       0x30 C:/ST/STM32CubeIDE_2.0.0/STM32CubeIDE/plugins/com.st.stm32cube.ide.mcu.externaltools.gnu-tools-for-stm32.13.3.rel1.win32_1.0.100.202509120712/tools/bin/../lib/gcc/arm-none-eabi/13.3.1/thumb/v8-m.main+fp/hard\libgcc.a(_aeabi_uldivmod.o)
                0x08000278                __aeabi_uldivmod
 .text          0x080002a8      0x348 C:/ST/STM32CubeIDE_2.0.0/STM32CubeIDE/plugins/com.st.stm32cube.ide.mcu.externaltools.gnu-tools-for-stm32.13.3.rel1.win32_1.0.100.202509120712/tools/bin/../lib/gcc/arm-none-eabi/13.3.1/thumb/v8-m.main+fp/hard\libgcc.a(_udivmoddi4.o)
                0x080002a8                __udivmoddi4
 .text          0x080005f0        0x4 C:/ST/STM32CubeIDE_2.0.0/STM32CubeIDE/plugins/com.st.stm32cube.ide.mcu.externaltools.gnu-tools-for-stm32.13.3.rel1.win32_1.0.100.202509120712/tools/bin/../lib/gcc/arm-none-eabi/13.3.1/thumb/v8-m.main+fp/hard\libgcc.a(_dvmd_tls.o)
                0x080005f0                __aeabi_idiv0
                0x080005f0                __aeabi_ldiv0
 *(.text*)
 .text.BF_Init  0x080005f4       0x28 ./App/Src/beamformer.o
                0x080005f4                BF_Init
 .text.BF_Pack60
                0x0800061c       0x5e ./App/Src/beamformer.o
                0x0800061c                BF_Pack60
 .text.BF_Pack62
                0x0800067a       0xa6 ./App/Src/beamformer.o
                0x0800067a                BF_Pack62
 .text.BF_Pack62_to2x31
                0x08000720       0x4a ./App/Src/beamformer.o
                0x08000720                BF_Pack62_to2x31
 .text.BF_Pack34_to2x17
                0x0800076a      0x1a2 ./App/Src/beamformer.o
                0x0800076a                BF_Pack34_to2x17
 .text.BF_Pack60_to2x30
                0x0800090c       0x4a ./App/Src/beamformer.o
                0x0800090c                BF_Pack60_to2x30
 .text.BF_Send60
                0x08000956       0x4c ./App/Src/beamformer.o
                0x08000956                BF_Send60
 .text.BF_Send62_Broadcast
                0x080009a2       0x4c ./App/Src/beamformer.o
                0x080009a2                BF_Send62_Broadcast
 .text.BF_Send34_FastBeam
                0x080009ee       0x4c ./App/Src/beamformer.o
                0x080009ee                BF_Send34_FastBeam
 .text.BF_SPI_DatasizeForBits
                0x08000a3a       0x38 ./App/Src/bf_spi.o
 *fill*         0x08000a72        0x2 
 .text.BF_SPI_ReInitDataSize
                0x08000a74       0x7c ./App/Src/bf_spi.o
                0x08000a74                BF_SPI_ReInitDataSize
 .text.BF_SPI_ReInitForBits
                0x08000af0       0x2e ./App/Src/bf_spi.o
                0x08000af0                BF_SPI_ReInitForBits
 *fill*         0x08000b1e        0x2 
 .text.BF_SPI_Send2Words
                0x08000b20       0x6c ./App/Src/bf_spi.o
                0x08000b20                BF_SPI_Send2Words
 .text.App_BeamformerDemo
                0x08000b8c       0x80 ./App/Src/main.o
                0x08000b8c                App_BeamformerDemo
 .text.main     0x08000c0c       0x78 ./Core/Src/main.o
                0x08000c0c                main
 .text.SystemClock_Config
                0x08000c84       0x92 ./Core/Src/main.o
                0x08000c84                SystemClock_Config
 .text.SystemPower_Config
                0x08000d16       0x1c ./Core/Src/main.o
 .text.MX_ICACHE_Init
                0x08000d32       0x26 ./Core/Src/main.o
 .text.MX_SPI1_Init
                0x08000d58       0xdc ./Core/Src/main.o
 .text.MX_GPIO_Init
                0x08000e34       0xa8 ./Core/Src/main.o
 .text.HAL_TIM_PeriodElapsedCallback
                0x08000edc       0x24 ./Core/Src/main.o
                0x08000edc                HAL_TIM_PeriodElapsedCallback
 .text.Error_Handler
                0x08000f00        0xc ./Core/Src/main.o
                0x08000f00                Error_Handler
 .text.HAL_MspInit
                0x08000f0c       0x38 ./Core/Src/stm32u5xx_hal_msp.o
                0x08000f0c                HAL_MspInit
 .text.HAL_SPI_MspInit
                0x08000f44       0xd4 ./Core/Src/stm32u5xx_hal_msp.o
                0x08000f44                HAL_SPI_MspInit
 .text.HAL_SPI_MspDeInit
                0x08001018       0x40 ./Core/Src/stm32u5xx_hal_msp.o
                0x08001018                HAL_SPI_MspDeInit
 .text.HAL_InitTick
                0x08001058       0xe0 ./Core/Src/stm32u5xx_hal_timebase_tim.o
                0x08001058                HAL_InitTick
 .text.NMI_Handler
                0x08001138        0x8 ./Core/Src/stm32u5xx_it.o
                0x08001138                NMI_Handler
 .text.HardFault_Handler
                0x08001140        0x8 ./Core/Src/stm32u5xx_it.o
                0x08001140                HardFault_Handler
 .text.MemManage_Handler
                0x08001148        0x8 ./Core/Src/stm32u5xx_it.o
                0x08001148                MemManage_Handler
 .text.BusFault_Handler
                0x08001150        0x8 ./Core/Src/stm32u5xx_it.o
                0x08001150                BusFault_Handler
 .text.UsageFault_Handler
                0x08001158        0x8 ./Core/Src/stm32u5xx_it.o
                0x08001158                UsageFault_Handler
 .text.SVC_Handler
                0x08001160        0xe ./Core/Src/stm32u5xx_it.o
                0x08001160                SVC_Handler
 .text.DebugMon_Handler
                0x0800116e        0xe ./Core/Src/stm32u5xx_it.o
                0x0800116e                DebugMon_Handler
 .text.PendSV_Handler
                0x0800117c        0xe ./Core/Src/stm32u5xx_it.o
                0x0800117c                PendSV_Handler
 .text.SysTick_Handler
                0x0800118a        0xe ./Core/Src/stm32u5xx_it.o
                0x0800118a                SysTick_Handler
 .text.EXTI13_IRQHandler
                0x08001198        0xe ./Core/Src/stm32u5xx_it.o
                0x08001198                EXTI13_IRQHandler
 *fill*         0x080011a6        0x2 
 .text.TIM17_IRQHandler
                0x080011a8       0x14 ./Core/Src/stm32u5xx_it.o
                0x080011a8                TIM17_IRQHandler
 .text.SystemInit
                0x080011bc       0x70 ./Core/Src/system_stm32u5xx.o
                0x080011bc                SystemInit
 .text.Reset_Handler
                0x0800122c       0x50 ./Core/Startup/startup_stm32u575zitxq.o
                0x0800122c                Reset_Handler
 .text.Default_Handler
                0x0800127c        0x2 ./Core/Startup/startup_stm32u575zitxq.o
                0x0800127c                EXTI2_IRQHandler
                0x0800127c                TIM8_TRG_COM_IRQHandler
                0x0800127c                TIM8_CC_IRQHandler
                0x0800127c                EXTI5_IRQHandler
                0x0800127c                FLASH_S_IRQHandler
                0x0800127c                TIM1_CC_IRQHandler
                0x0800127c                TSC_IRQHandler
                0x0800127c                TAMP_IRQHandler
                0x0800127c                TIM6_IRQHandler
                0x0800127c                EXTI12_IRQHandler
                0x0800127c                CORDIC_IRQHandler
                0x0800127c                EXTI3_IRQHandler
                0x0800127c                LPTIM4_IRQHandler
                0x0800127c                GPDMA1_Channel5_IRQHandler
                0x0800127c                EXTI8_IRQHandler
                0x0800127c                LPTIM2_IRQHandler
                0x0800127c                I2C3_ER_IRQHandler
                0x0800127c                PWR_S3WU_IRQHandler
                0x0800127c                MDF1_FLT2_IRQHandler
                0x0800127c                LPDMA1_Channel3_IRQHandler
                0x0800127c                LPTIM3_IRQHandler
                0x0800127c                EXTI0_IRQHandler
                0x0800127c                I2C2_EV_IRQHandler
                0x0800127c                FPU_IRQHandler
                0x0800127c                GPDMA1_Channel3_IRQHandler
                0x0800127c                GPDMA1_Channel7_IRQHandler
                0x0800127c                MDF1_FLT4_IRQHandler
                0x0800127c                FDCAN1_IT1_IRQHandler
                0x0800127c                RAMCFG_IRQHandler
                0x0800127c                GPDMA1_Channel9_IRQHandler
                0x0800127c                DCACHE1_IRQHandler
                0x0800127c                SPI1_IRQHandler
                0x0800127c                OCTOSPI1_IRQHandler
                0x0800127c                GPDMA1_Channel2_IRQHandler
                0x0800127c                TIM8_UP_IRQHandler
                0x0800127c                RCC_S_IRQHandler
                0x0800127c                OCTOSPI2_IRQHandler
                0x0800127c                SAI2_IRQHandler
                0x0800127c                MDF1_FLT1_IRQHandler
                0x0800127c                ADC1_IRQHandler
                0x0800127c                MDF1_FLT5_IRQHandler
                0x0800127c                EXTI15_IRQHandler
                0x0800127c                USART3_IRQHandler
                0x0800127c                RTC_IRQHandler
                0x0800127c                EXTI9_IRQHandler
                0x0800127c                UART5_IRQHandler
                0x0800127c                TIM4_IRQHandler
                0x0800127c                I2C1_EV_IRQHandler
                0x0800127c                GPDMA1_Channel12_IRQHandler
                0x0800127c                GPDMA1_Channel1_IRQHandler
                0x0800127c                TIM16_IRQHandler
                0x0800127c                GPDMA1_Channel15_IRQHandler
                0x0800127c                UART4_IRQHandler
                0x0800127c                SecureFault_Handler
                0x0800127c                TIM3_IRQHandler
                0x0800127c                RCC_IRQHandler
                0x0800127c                TIM1_TRG_COM_IRQHandler
                0x0800127c                Default_Handler
                0x0800127c                GPDMA1_Channel8_IRQHandler
                0x0800127c                FMAC_IRQHandler
                0x0800127c                GPDMA1_Channel11_IRQHandler
                0x0800127c                TIM7_IRQHandler
                0x0800127c                SDMMC1_IRQHandler
                0x0800127c                TIM5_IRQHandler
                0x0800127c                UCPD1_IRQHandler
                0x0800127c                GPDMA1_Channel0_IRQHandler
                0x0800127c                TIM15_IRQHandler
                0x0800127c                I2C3_EV_IRQHandler
                0x0800127c                LPDMA1_Channel0_IRQHandler
                0x0800127c                PVD_PVM_IRQHandler
                0x0800127c                SPI2_IRQHandler
                0x0800127c                LPDMA1_Channel1_IRQHandler
                0x0800127c                EXTI14_IRQHandler
                0x0800127c                EXTI11_IRQHandler
                0x0800127c                CRS_IRQHandler
                0x0800127c                GPDMA1_Channel14_IRQHandler
                0x0800127c                LSECSSD_IRQHandler
                0x0800127c                EXTI4_IRQHandler
                0x0800127c                RTC_S_IRQHandler
                0x0800127c                GPDMA1_Channel13_IRQHandler
                0x0800127c                RNG_IRQHandler
                0x0800127c                COMP_IRQHandler
                0x0800127c                TIM1_UP_IRQHandler
                0x0800127c                ADC4_IRQHandler
                0x0800127c                WWDG_IRQHandler
                0x0800127c                I2C4_EV_IRQHandler
                0x0800127c                ADF1_IRQHandler
                0x0800127c                IWDG_IRQHandler
                0x0800127c                LPUART1_IRQHandler
                0x0800127c                MDF1_FLT0_IRQHandler
                0x0800127c                FDCAN1_IT0_IRQHandler
                0x0800127c                TIM2_IRQHandler
                0x0800127c                GPDMA1_Channel4_IRQHandler
                0x0800127c                EXTI7_IRQHandler
                0x0800127c                DMA2D_IRQHandler
                0x0800127c                TIM1_BRK_IRQHandler
                0x0800127c                EXTI1_IRQHandler
                0x0800127c                SDMMC2_IRQHandler
                0x0800127c                DAC1_IRQHandler
                0x0800127c                GTZC_IRQHandler
                0x0800127c                MDF1_FLT3_IRQHandler
                0x0800127c                USART2_IRQHandler
                0x0800127c                GPDMA1_Channel6_IRQHandler
                0x0800127c                I2C2_ER_IRQHandler
                0x0800127c                TIM8_BRK_IRQHandler
                0x0800127c                FLASH_IRQHandler
                0x0800127c                USART1_IRQHandler
                0x0800127c                EXTI10_IRQHandler
                0x0800127c                OTG_FS_IRQHandler
                0x0800127c                SPI3_IRQHandler
                0x0800127c                LPDMA1_Channel2_IRQHandler
                0x0800127c                I2C1_ER_IRQHandler
                0x0800127c                FMC_IRQHandler
                0x0800127c                EXTI6_IRQHandler
                0x0800127c                LPTIM1_IRQHandler
                0x0800127c                DCMI_PSSI_IRQHandler
                0x0800127c                I2C4_ER_IRQHandler
                0x0800127c                GPDMA1_Channel10_IRQHandler
                0x0800127c                ICACHE_IRQHandler
                0x0800127c                SAI1_IRQHandler
                0x0800127c                HASH_IRQHandler
 *fill*         0x0800127e        0x2 
 .text.BSP_LED_Init
                0x08001280      0x120 ./Drivers/BSP/STM32U5xx_Nucleo/stm32u5xx_nucleo.o
                0x08001280                BSP_LED_Init
 .text.BSP_PB_Init
                0x080013a0       0xf0 ./Drivers/BSP/STM32U5xx_Nucleo/stm32u5xx_nucleo.o
                0x080013a0                BSP_PB_Init
 .text.BSP_PB_IRQHandler
                0x08001490       0x2c ./Drivers/BSP/STM32U5xx_Nucleo/stm32u5xx_nucleo.o
                0x08001490                BSP_PB_IRQHandler
 .text.BSP_PB_Callback
                0x080014bc       0x16 ./Drivers/BSP/STM32U5xx_Nucleo/stm32u5xx_nucleo.o
                0x080014bc                BSP_PB_Callback
 *fill*         0x080014d2        0x2 
 .text.BSP_COM_Init
                0x080014d4       0x60 ./Drivers/BSP/STM32U5xx_Nucleo/stm32u5xx_nucleo.o
                0x080014d4                BSP_COM_Init
 .text.MX_USART1_Init
                0x08001534       0x68 ./Drivers/BSP/STM32U5xx_Nucleo/stm32u5xx_nucleo.o
                0x08001534                MX_USART1_Init
 .text.BUTTON_USER_EXTI_Callback
                0x0800159c        0xe ./Drivers/BSP/STM32U5xx_Nucleo/stm32u5xx_nucleo.o
 *fill*         0x080015aa        0x2 
 .text.COM1_MspInit
                0x080015ac       0xb0 ./Drivers/BSP/STM32U5xx_Nucleo/stm32u5xx_nucleo.o
 .text.HAL_Init
                0x0800165c       0x60 ./Drivers/STM32U5xx_HAL_Driver/Src/stm32u5xx_hal.o
                0x0800165c                HAL_Init
 .text.HAL_IncTick
                0x080016bc       0x28 ./Drivers/STM32U5xx_HAL_Driver/Src/stm32u5xx_hal.o
                0x080016bc                HAL_IncTick
 .text.HAL_GetTick
                0x080016e4       0x18 ./Drivers/STM32U5xx_HAL_Driver/Src/stm32u5xx_hal.o
                0x080016e4                HAL_GetTick
 .text.__NVIC_SetPriorityGrouping
                0x080016fc       0x48 ./Drivers/STM32U5xx_HAL_Driver/Src/stm32u5xx_hal_cortex.o
 .text.__NVIC_GetPriorityGrouping
                0x08001744       0x1c ./Drivers/STM32U5xx_HAL_Driver/Src/stm32u5xx_hal_cortex.o
 .text.__NVIC_EnableIRQ
                0x08001760       0x3c ./Drivers/STM32U5xx_HAL_Driver/Src/stm32u5xx_hal_cortex.o
 .text.__NVIC_SetPriority
                0x0800179c       0x54 ./Drivers/STM32U5xx_HAL_Driver/Src/stm32u5xx_hal_cortex.o
 .text.NVIC_EncodePriority
                0x080017f0       0x66 ./Drivers/STM32U5xx_HAL_Driver/Src/stm32u5xx_hal_cortex.o
 .text.HAL_NVIC_SetPriorityGrouping
                0x08001856       0x16 ./Drivers/STM32U5xx_HAL_Driver/Src/stm32u5xx_hal_cortex.o
                0x08001856                HAL_NVIC_SetPriorityGrouping
 .text.HAL_NVIC_SetPriority
                0x0800186c       0x34 ./Drivers/STM32U5xx_HAL_Driver/Src/stm32u5xx_hal_cortex.o
                0x0800186c                HAL_NVIC_SetPriority
 .text.HAL_NVIC_EnableIRQ
                0x080018a0       0x1c ./Drivers/STM32U5xx_HAL_Driver/Src/stm32u5xx_hal_cortex.o
                0x080018a0                HAL_NVIC_EnableIRQ
 .text.HAL_SYSTICK_CLKSourceConfig
                0x080018bc       0xb0 ./Drivers/STM32U5xx_HAL_Driver/Src/stm32u5xx_hal_cortex.o
                0x080018bc                HAL_SYSTICK_CLKSourceConfig
 .text.HAL_EXTI_RegisterCallback
                0x0800196c       0x58 ./Drivers/STM32U5xx_HAL_Driver/Src/stm32u5xx_hal_exti.o
                0x0800196c                HAL_EXTI_RegisterCallback
 .text.HAL_EXTI_GetHandle
                0x080019c4       0x28 ./Drivers/STM32U5xx_HAL_Driver/Src/stm32u5xx_hal_exti.o
                0x080019c4                HAL_EXTI_GetHandle
 .text.HAL_EXTI_IRQHandler
                0x080019ec       0x90 ./Drivers/STM32U5xx_HAL_Driver/Src/stm32u5xx_hal_exti.o
                0x080019ec                HAL_EXTI_IRQHandler
 .text.HAL_GPIO_Init
                0x08001a7c      0x3c0 ./Drivers/STM32U5xx_HAL_Driver/Src/stm32u5xx_hal_gpio.o
                0x08001a7c                HAL_GPIO_Init
 .text.HAL_GPIO_DeInit
                0x08001e3c      0x1bc ./Drivers/STM32U5xx_HAL_Driver/Src/stm32u5xx_hal_gpio.o
                0x08001e3c                HAL_GPIO_DeInit
 .text.HAL_GPIO_WritePin
                0x08001ff8       0x30 ./Drivers/STM32U5xx_HAL_Driver/Src/stm32u5xx_hal_gpio.o
                0x08001ff8                HAL_GPIO_WritePin
 .text.HAL_ICACHE_ConfigAssociativityMode
                0x08002028       0x40 ./Drivers/STM32U5xx_HAL_Driver/Src/stm32u5xx_hal_icache.o
                0x08002028                HAL_ICACHE_ConfigAssociativityMode
 .text.HAL_ICACHE_Enable
                0x08002068       0x20 ./Drivers/STM32U5xx_HAL_Driver/Src/stm32u5xx_hal_icache.o
                0x08002068                HAL_ICACHE_Enable
 .text.HAL_PWREx_ControlVoltageScaling
                0x08002088       0xfc ./Drivers/STM32U5xx_HAL_Driver/Src/stm32u5xx_hal_pwr_ex.o
                0x08002088                HAL_PWREx_ControlVoltageScaling
 .text.HAL_PWREx_GetVoltageRange
                0x08002184       0x1c ./Drivers/STM32U5xx_HAL_Driver/Src/stm32u5xx_hal_pwr_ex.o
                0x08002184                HAL_PWREx_GetVoltageRange
 .text.HAL_PWREx_ConfigSupply
                0x080021a0       0xa0 ./Drivers/STM32U5xx_HAL_Driver/Src/stm32u5xx_hal_pwr_ex.o
                0x080021a0                HAL_PWREx_ConfigSupply
 .text.HAL_PWREx_EnableVddIO2
                0x08002240       0x20 ./Drivers/STM32U5xx_HAL_Driver/Src/stm32u5xx_hal_pwr_ex.o
                0x08002240                HAL_PWREx_EnableVddIO2
 .text.HAL_PWREx_DisableUCPDDeadBattery
                0x08002260       0x20 ./Drivers/STM32U5xx_HAL_Driver/Src/stm32u5xx_hal_pwr_ex.o
                0x08002260                HAL_PWREx_DisableUCPDDeadBattery
 .text.HAL_RCC_OscConfig
                0x08002280      0xdb8 ./Drivers/STM32U5xx_HAL_Driver/Src/stm32u5xx_hal_rcc.o
                0x08002280                HAL_RCC_OscConfig
 .text.HAL_RCC_ClockConfig
                0x08003038      0x3e4 ./Drivers/STM32U5xx_HAL_Driver/Src/stm32u5xx_hal_rcc.o
                0x08003038                HAL_RCC_ClockConfig
 .text.HAL_RCC_GetSysClockFreq
                0x0800341c      0x204 ./Drivers/STM32U5xx_HAL_Driver/Src/stm32u5xx_hal_rcc.o
                0x0800341c                HAL_RCC_GetSysClockFreq
 .text.HAL_RCC_GetHCLKFreq
                0x08003620       0x34 ./Drivers/STM32U5xx_HAL_Driver/Src/stm32u5xx_hal_rcc.o
                0x08003620                HAL_RCC_GetHCLKFreq
 .text.HAL_RCC_GetPCLK1Freq
                0x08003654       0x28 ./Drivers/STM32U5xx_HAL_Driver/Src/stm32u5xx_hal_rcc.o
                0x08003654                HAL_RCC_GetPCLK1Freq
 .text.HAL_RCC_GetPCLK2Freq
                0x0800367c       0x28 ./Drivers/STM32U5xx_HAL_Driver/Src/stm32u5xx_hal_rcc.o
                0x0800367c                HAL_RCC_GetPCLK2Freq
 .text.HAL_RCC_GetPCLK3Freq
                0x080036a4       0x28 ./Drivers/STM32U5xx_HAL_Driver/Src/stm32u5xx_hal_rcc.o
                0x080036a4                HAL_RCC_GetPCLK3Freq
 .text.HAL_RCC_GetClockConfig
                0x080036cc       0x70 ./Drivers/STM32U5xx_HAL_Driver/Src/stm32u5xx_hal_rcc.o
                0x080036cc                HAL_RCC_GetClockConfig
 .text.RCC_SetFlashLatencyFromMSIRange
                0x0800373c      0x10c ./Drivers/STM32U5xx_HAL_Driver/Src/stm32u5xx_hal_rcc.o
 .text.HAL_RCCEx_PeriphCLKConfig
                0x08003848      0xb48 ./Drivers/STM32U5xx_HAL_Driver/Src/stm32u5xx_hal_rcc_ex.o
                0x08003848                HAL_RCCEx_PeriphCLKConfig
 .text.HAL_RCCEx_GetPLL1ClockFreq
                0x08004390      0x2b4 ./Drivers/STM32U5xx_HAL_Driver/Src/stm32u5xx_hal_rcc_ex.o
                0x08004390                HAL_RCCEx_GetPLL1ClockFreq
 .text.HAL_RCCEx_GetPLL2ClockFreq
                0x08004644      0x2b4 ./Drivers/STM32U5xx_HAL_Driver/Src/stm32u5xx_hal_rcc_ex.o
                0x08004644                HAL_RCCEx_GetPLL2ClockFreq
 .text.HAL_RCCEx_GetPLL3ClockFreq
                0x080048f8      0x2b4 ./Drivers/STM32U5xx_HAL_Driver/Src/stm32u5xx_hal_rcc_ex.o
                0x080048f8                HAL_RCCEx_GetPLL3ClockFreq
 .text.HAL_RCCEx_GetPeriphCLKFreq
                0x08004bac     0x136c ./Drivers/STM32U5xx_HAL_Driver/Src/stm32u5xx_hal_rcc_ex.o
                0x08004bac                HAL_RCCEx_GetPeriphCLKFreq
 .text.RCCEx_PLL2_Config
                0x08005f18      0x130 ./Drivers/STM32U5xx_HAL_Driver/Src/stm32u5xx_hal_rcc_ex.o
 .text.RCCEx_PLL3_Config
                0x08006048      0x130 ./Drivers/STM32U5xx_HAL_Driver/Src/stm32u5xx_hal_rcc_ex.o
 .text.HAL_SPI_Init
                0x08006178      0x22c ./Drivers/STM32U5xx_HAL_Driver/Src/stm32u5xx_hal_spi.o
                0x08006178                HAL_SPI_Init
 .text.HAL_SPI_DeInit
                0x080063a4       0x52 ./Drivers/STM32U5xx_HAL_Driver/Src/stm32u5xx_hal_spi.o
                0x080063a4                HAL_SPI_DeInit
 *fill*         0x080063f6        0x2 
 .text.HAL_SPI_Transmit
                0x080063f8      0x428 ./Drivers/STM32U5xx_HAL_Driver/Src/stm32u5xx_hal_spi.o
                0x080063f8                HAL_SPI_Transmit
 .text.HAL_SPI_GetState
                0x08006820       0x1c ./Drivers/STM32U5xx_HAL_Driver/Src/stm32u5xx_hal_spi.o
                0x08006820                HAL_SPI_GetState
 .text.SPI_CloseTransfer
                0x0800683c      0x140 ./Drivers/STM32U5xx_HAL_Driver/Src/stm32u5xx_hal_spi.o
 .text.SPI_WaitOnFlagUntilTimeout
                0x0800697c       0x5c ./Drivers/STM32U5xx_HAL_Driver/Src/stm32u5xx_hal_spi.o
 .text.SPI_GetPacketSize
                0x080069d8       0x36 ./Drivers/STM32U5xx_HAL_Driver/Src/stm32u5xx_hal_spi.o
 .text.HAL_SPIEx_SetConfigAutonomousMode
                0x08006a0e       0x82 ./Drivers/STM32U5xx_HAL_Driver/Src/stm32u5xx_hal_spi_ex.o
                0x08006a0e                HAL_SPIEx_SetConfigAutonomousMode
 .text.HAL_TIM_Base_Init
                0x08006a90       0xae ./Drivers/STM32U5xx_HAL_Driver/Src/stm32u5xx_hal_tim.o
                0x08006a90                HAL_TIM_Base_Init
 .text.HAL_TIM_Base_MspInit
                0x08006b3e       0x14 ./Drivers/STM32U5xx_HAL_Driver/Src/stm32u5xx_hal_tim.o
                0x08006b3e                HAL_TIM_Base_MspInit
 *fill*         0x08006b52        0x2 
 .text.HAL_TIM_Base_Start_IT
                0x08006b54      0x140 ./Drivers/STM32U5xx_HAL_Driver/Src/stm32u5xx_hal_tim.o
                0x08006b54                HAL_TIM_Base_Start_IT
 .text.HAL_TIM_IRQHandler
                0x08006c94      0x29e ./Drivers/STM32U5xx_HAL_Driver/Src/stm32u5xx_hal_tim.o
                0x08006c94                HAL_TIM_IRQHandler
 .text.HAL_TIM_OC_DelayElapsedCallback
                0x08006f32       0x14 ./Drivers/STM32U5xx_HAL_Driver/Src/stm32u5xx_hal_tim.o
                0x08006f32                HAL_TIM_OC_DelayElapsedCallback
 .text.HAL_TIM_IC_CaptureCallback
                0x08006f46       0x14 ./Drivers/STM32U5xx_HAL_Driver/Src/stm32u5xx_hal_tim.o
                0x08006f46                HAL_TIM_IC_CaptureCallback
 .text.HAL_TIM_PWM_PulseFinishedCallback
                0x08006f5a       0x14 ./Drivers/STM32U5xx_HAL_Driver/Src/stm32u5xx_hal_tim.o
                0x08006f5a                HAL_TIM_PWM_PulseFinishedCallback
 .text.HAL_TIM_TriggerCallback
                0x08006f6e       0x14 ./Drivers/STM32U5xx_HAL_Driver/Src/stm32u5xx_hal_tim.o
                0x08006f6e                HAL_TIM_TriggerCallback
 *fill*         0x08006f82        0x2 
 .text.TIM_Base_SetConfig
                0x08006f84      0x200 ./Drivers/STM32U5xx_HAL_Driver/Src/stm32u5xx_hal_tim.o
                0x08006f84                TIM_Base_SetConfig
 .text.HAL_TIMEx_CommutCallback
                0x08007184       0x14 ./Drivers/STM32U5xx_HAL_Driver/Src/stm32u5xx_hal_tim_ex.o
                0x08007184                HAL_TIMEx_CommutCallback
 .text.HAL_TIMEx_BreakCallback
                0x08007198       0x14 ./Drivers/STM32U5xx_HAL_Driver/Src/stm32u5xx_hal_tim_ex.o
                0x08007198                HAL_TIMEx_BreakCallback
 .text.HAL_TIMEx_Break2Callback
                0x080071ac       0x14 ./Drivers/STM32U5xx_HAL_Driver/Src/stm32u5xx_hal_tim_ex.o
                0x080071ac                HAL_TIMEx_Break2Callback
 .text.HAL_TIMEx_EncoderIndexCallback
                0x080071c0       0x14 ./Drivers/STM32U5xx_HAL_Driver/Src/stm32u5xx_hal_tim_ex.o
                0x080071c0                HAL_TIMEx_EncoderIndexCallback
 .text.HAL_TIMEx_DirectionChangeCallback
                0x080071d4       0x14 ./Drivers/STM32U5xx_HAL_Driver/Src/stm32u5xx_hal_tim_ex.o
                0x080071d4                HAL_TIMEx_DirectionChangeCallback
 .text.HAL_TIMEx_IndexErrorCallback
                0x080071e8       0x14 ./Drivers/STM32U5xx_HAL_Driver/Src/stm32u5xx_hal_tim_ex.o
                0x080071e8                HAL_TIMEx_IndexErrorCallback
 .text.HAL_TIMEx_TransitionErrorCallback
                0x080071fc       0x14 ./Drivers/STM32U5xx_HAL_Driver/Src/stm32u5xx_hal_tim_ex.o
                0x080071fc                HAL_TIMEx_TransitionErrorCallback
 .text.HAL_UART_Init
                0x08007210       0xa0 ./Drivers/STM32U5xx_HAL_Driver/Src/stm32u5xx_hal_uart.o
                0x08007210                HAL_UART_Init
 .text.HAL_UART_MspInit
                0x080072b0       0x14 ./Drivers/STM32U5xx_HAL_Driver/Src/stm32u5xx_hal_uart.o
                0x080072b0                HAL_UART_MspInit
 .text.UART_SetConfig
                0x080072c4      0x344 ./Drivers/STM32U5xx_HAL_Driver/Src/stm32u5xx_hal_uart.o
                0x080072c4                UART_SetConfig
 .text.UART_AdvFeatureConfig
                0x08007608      0x144 ./Drivers/STM32U5xx_HAL_Driver/Src/stm32u5xx_hal_uart.o
                0x08007608                UART_AdvFeatureConfig
 .text.UART_CheckIdleState
                0x0800774c      0x154 ./Drivers/STM32U5xx_HAL_Driver/Src/stm32u5xx_hal_uart.o
                0x0800774c                UART_CheckIdleState
 .text.UART_WaitOnFlagUntilTimeout
                0x080078a0       0xda ./Drivers/STM32U5xx_HAL_Driver/Src/stm32u5xx_hal_uart.o
                0x080078a0                UART_WaitOnFlagUntilTimeout
 .text.UART_EndRxTransfer
                0x0800797a       0xcc ./Drivers/STM32U5xx_HAL_Driver/Src/stm32u5xx_hal_uart.o
 .text.memset   0x08007a46       0x10 C:/ST/STM32CubeIDE_2.0.0/STM32CubeIDE/plugins/com.st.stm32cube.ide.mcu.externaltools.gnu-tools-for-stm32.13.3.rel1.win32_1.0.100.202509120712/tools/bin/../lib/gcc/arm-none-eabi/13.3.1/../../../../arm-none-eabi/lib/thumb/v8-m.main+fp/hard\libc_nano.a(libc_a-memset.o)
                0x08007a46                memset
 *fill*         0x08007a56        0x2 
 .text.__libc_init_array
                0x08007a58       0x48 C:/ST/STM32CubeIDE_2.0.0/STM32CubeIDE/plugins/com.st.stm32cube.ide.mcu.externaltools.gnu-tools-for-stm32.13.3.rel1.win32_1.0.100.202509120712/tools/bin/../lib/gcc/arm-none-eabi/13.3.1/../../../../arm-none-eabi/lib/thumb/v8-m.main+fp/hard\libc_nano.a(libc_a-init.o)
                0x08007a58                __libc_init_array
 *(.glue_7)
 .glue_7        0x08007aa0        0x0 linker stubs
 *(.glue_7t)
 .glue_7t       0x08007aa0        0x0 linker stubs
 *(.eh_frame)
 .eh_frame      0x08007aa0        0x0 C:/ST/STM32CubeIDE_2.0.0/STM32CubeIDE/plugins/com.st.stm32cube.ide.mcu.externaltools.gnu-tools-for-stm32.13.3.rel1.win32_1.0.100.202509120712/tools/bin/../lib/gcc/arm-none-eabi/13.3.1/thumb/v8-m.main+fp/hard/crtbegin.o
 *(.init)
 .init          0x08007aa0        0x4 C:/ST/STM32CubeIDE_2.0.0/STM32CubeIDE/plugins/com.st.stm32cube.ide.mcu.externaltools.gnu-tools-for-stm32.13.3.rel1.win32_1.0.100.202509120712/tools/bin/../lib/gcc/arm-none-eabi/13.3.1/thumb/v8-m.main+fp/hard/crti.o
                0x08007aa0                _init
 .init          0x08007aa4        0x8 C:/ST/STM32CubeIDE_2.0.0/STM32CubeIDE/plugins/com.st.stm32cube.ide.mcu.externaltools.gnu-tools-for-stm32.13.3.rel1.win32_1.0.100.202509120712/tools/bin/../lib/gcc/arm-none-eabi/13.3.1/thumb/v8-m.main+fp/hard/crtn.o
 *(.fini)
 .fini          0x08007aac        0x4 C:/ST/STM32CubeIDE_2.0.0/STM32CubeIDE/plugins/com.st.stm32cube.ide.mcu.externaltools.gnu-tools-for-stm32.13.3.rel1.win32_1.0.100.202509120712/tools/bin/../lib/gcc/arm-none-eabi/13.3.1/thumb/v8-m.main+fp/hard/crti.o
                0x08007aac                _fini
 .fini          0x08007ab0        0x8 C:/ST/STM32CubeIDE_2.0.0/STM32CubeIDE/plugins/com.st.stm32cube.ide.mcu.externaltools.gnu-tools-for-stm32.13.3.rel1.win32_1.0.100.202509120712/tools/bin/../lib/gcc/arm-none-eabi/13.3.1/thumb/v8-m.main+fp/hard/crtn.o
                0x08007ab8                        _etext = .

.vfp11_veneer   0x08007ab8        0x0
 .vfp11_veneer  0x08007ab8        0x0 linker stubs

.v4_bx          0x08007ab8        0x0
 .v4_bx         0x08007ab8        0x0 linker stubs

.iplt           0x08007ab8        0x0
 .iplt          0x08007ab8        0x0 C:/ST/STM32CubeIDE_2.0.0/STM32CubeIDE/plugins/com.st.stm32cube.ide.mcu.externaltools.gnu-tools-for-stm32.13.3.rel1.win32_1.0.100.202509120712/tools/bin/../lib/gcc/arm-none-eabi/13.3.1/thumb/v8-m.main+fp/hard/crtbegin.o

.rodata         0x08007ab8      0x114
 *(.rodata)
 .rodata        0x08007ab8       0x18 ./App/Src/main.o
 *(.rodata*)
 .rodata.AHBPrescTable
                0x08007ad0       0x10 ./Core/Src/system_stm32u5xx.o
                0x08007ad0                AHBPrescTable
 .rodata.APBPrescTable
                0x08007ae0        0x8 ./Core/Src/system_stm32u5xx.o
                0x08007ae0                APBPrescTable
 .rodata.MSIRangeTable
                0x08007ae8       0x40 ./Core/Src/system_stm32u5xx.o
                0x08007ae8                MSIRangeTable
 .rodata.LED_PIN
                0x08007b28        0x6 ./Drivers/BSP/STM32U5xx_Nucleo/stm32u5xx_nucleo.o
 *fill*         0x08007b2e        0x2 
 .rodata.BUTTON_EXTI_LINE.2
                0x08007b30        0x4 ./Drivers/BSP/STM32U5xx_Nucleo/stm32u5xx_nucleo.o
 .rodata.LPGPIO_Map
                0x08007b34       0x80 ./Drivers/STM32U5xx_HAL_Driver/Src/stm32u5xx_hal_gpio.o
 .rodata.UARTPrescTable
                0x08007bb4       0x18 ./Drivers/STM32U5xx_HAL_Driver/Src/stm32u5xx_hal_uart.o
                0x08007bb4                UARTPrescTable

.ARM.extab
 *(.ARM.extab* .gnu.linkonce.armextab.*)

.ARM            0x08007bcc        0x8
                0x08007bcc                        __exidx_start = .
 *(.ARM.exidx*)
 .ARM.exidx     0x08007bcc        0x8 C:/ST/STM32CubeIDE_2.0.0/STM32CubeIDE/plugins/com.st.stm32cube.ide.mcu.externaltools.gnu-tools-for-stm32.13.3.rel1.win32_1.0.100.202509120712/tools/bin/../lib/gcc/arm-none-eabi/13.3.1/thumb/v8-m.main+fp/hard\libgcc.a(_udivmoddi4.o)
                0x08007bd4                        __exidx_end = .

.preinit_array  0x08007bd4        0x0
                0x08007bd4                        PROVIDE (__preinit_array_start = .)
 *(.preinit_array*)
                0x08007bd4                        PROVIDE (__preinit_array_end = .)

.init_array     0x08007bd4        0x4
                0x08007bd4                        PROVIDE (__init_array_start = .)
 *(SORT_BY_NAME(.init_array.*))
 *(.init_array*)
 .init_array    0x08007bd4        0x4 C:/ST/STM32CubeIDE_2.0.0/STM32CubeIDE/plugins/com.st.stm32cube.ide.mcu.externaltools.gnu-tools-for-stm32.13.3.rel1.win32_1.0.100.202509120712/tools/bin/../lib/gcc/arm-none-eabi/13.3.1/thumb/v8-m.main+fp/hard/crtbegin.o
                0x08007bd8                        PROVIDE (__init_array_end = .)

.fini_array     0x08007bd8        0x4
                [!provide]                        PROVIDE (__fini_array_start = .)
 *(SORT_BY_NAME(.fini_array.*))
 *(.fini_array*)
 .fini_array    0x08007bd8        0x4 C:/ST/STM32CubeIDE_2.0.0/STM32CubeIDE/plugins/com.st.stm32cube.ide.mcu.externaltools.gnu-tools-for-stm32.13.3.rel1.win32_1.0.100.202509120712/tools/bin/../lib/gcc/arm-none-eabi/13.3.1/thumb/v8-m.main+fp/hard/crtbegin.o
                [!provide]                        PROVIDE (__fini_array_end = .)
                0x08007bdc                        _sidata = LOADADDR (.data)

.rel.dyn        0x08007bdc        0x0
 .rel.iplt      0x08007bdc        0x0 C:/ST/STM32CubeIDE_2.0.0/STM32CubeIDE/plugins/com.st.stm32cube.ide.mcu.externaltools.gnu-tools-for-stm32.13.3.rel1.win32_1.0.100.202509120712/tools/bin/../lib/gcc/arm-none-eabi/13.3.1/thumb/v8-m.main+fp/hard/crtbegin.o

.data           0x20000000       0x25 load address 0x08007bdc
                0x20000000                        _sdata = .
 *(.data)
 *(.data*)
 .data.SystemCoreClock
                0x20000000        0x4 ./Core/Src/system_stm32u5xx.o
                0x20000000                SystemCoreClock
 .data.COM_USART
                0x20000004        0x4 ./Drivers/BSP/STM32U5xx_Nucleo/stm32u5xx_nucleo.o
                0x20000004                COM_USART
 .data.LED_PORT
                0x20000008        0xc ./Drivers/BSP/STM32U5xx_Nucleo/stm32u5xx_nucleo.o
 .data.BUTTON_PORT
                0x20000014        0x4 ./Drivers/BSP/STM32U5xx_Nucleo/stm32u5xx_nucleo.o
 .data.ButtonCallback.1
                0x20000018        0x4 ./Drivers/BSP/STM32U5xx_Nucleo/stm32u5xx_nucleo.o
 .data.BSP_BUTTON_PRIO.0
                0x2000001c        0x4 ./Drivers/BSP/STM32U5xx_Nucleo/stm32u5xx_nucleo.o
 .data.uwTickPrio
                0x20000020        0x4 ./Drivers/STM32U5xx_HAL_Driver/Src/stm32u5xx_hal.o
                0x20000020                uwTickPrio
 .data.uwTickFreq
                0x20000024        0x1 ./Drivers/STM32U5xx_HAL_Driver/Src/stm32u5xx_hal.o
                0x20000024                uwTickFreq
 *(.RamFunc)
 *(.RamFunc*)
                0x20000025                        _edata = .

.igot.plt       0x20000028        0x0 load address 0x08007c01
 .igot.plt      0x20000028        0x0 C:/ST/STM32CubeIDE_2.0.0/STM32CubeIDE/plugins/com.st.stm32cube.ide.mcu.externaltools.gnu-tools-for-stm32.13.3.rel1.win32_1.0.100.202509120712/tools/bin/../lib/gcc/arm-none-eabi/13.3.1/thumb/v8-m.main+fp/hard/crtbegin.o

.bss            0x20000028      0x1ac load address 0x08007c01
                0x20000028                        _sbss = .
                0x20000028                        __bss_start__ = _sbss
 *(.bss)
 .bss           0x20000028       0x1c C:/ST/STM32CubeIDE_2.0.0/STM32CubeIDE/plugins/com.st.stm32cube.ide.mcu.externaltools.gnu-tools-for-stm32.13.3.rel1.win32_1.0.100.202509120712/tools/bin/../lib/gcc/arm-none-eabi/13.3.1/thumb/v8-m.main+fp/hard/crtbegin.o
 *(.bss*)
 .bss.BspCOMInit
                0x20000044       0x10 ./Core/Src/main.o
                0x20000044                BspCOMInit
 .bss.hspi1     0x20000054       0x90 ./Core/Src/main.o
                0x20000054                hspi1
 .bss.htim17    0x200000e4       0x4c ./Core/Src/stm32u5xx_hal_timebase_tim.o
                0x200000e4                htim17
 .bss.hpb_exti  0x20000130        0xc ./Drivers/BSP/STM32U5xx_Nucleo/stm32u5xx_nucleo.o
                0x20000130                hpb_exti
 .bss.hcom_uart
                0x2000013c       0x94 ./Drivers/BSP/STM32U5xx_Nucleo/stm32u5xx_nucleo.o
                0x2000013c                hcom_uart
 .bss.uwTick    0x200001d0        0x4 ./Drivers/STM32U5xx_HAL_Driver/Src/stm32u5xx_hal.o
                0x200001d0                uwTick
 *(COMMON)
                0x200001d4                        _ebss = .
                0x200001d4                        __bss_end__ = _ebss

._user_heap_stack
                0x200001d4      0x604 load address 0x08007c01
                0x200001d8                        . = ALIGN (0x8)
 *fill*         0x200001d4        0x4 
                [!provide]                        PROVIDE (end = .)
                0x200001d8                        PROVIDE (_end = .)
                0x200003d8                        . = (. + _Min_Heap_Size)
 *fill*         0x200001d8      0x200 
                0x200007d8                        . = (. + _Min_Stack_Size)
 *fill*         0x200003d8      0x400 
                0x200007d8                        . = ALIGN (0x8)

/DISCARD/
 libc.a(*)
 libm.a(*)
 libgcc.a(*)

.ARM.attributes
                0x00000000       0x36
 *(.ARM.attributes)
 .ARM.attributes
                0x00000000       0x26 C:/ST/STM32CubeIDE_2.0.0/STM32CubeIDE/plugins/com.st.stm32cube.ide.mcu.externaltools.gnu-tools-for-stm32.13.3.rel1.win32_1.0.100.202509120712/tools/bin/../lib/gcc/arm-none-eabi/13.3.1/thumb/v8-m.main+fp/hard/crti.o
 .ARM.attributes
                0x00000026       0x38 C:/ST/STM32CubeIDE_2.0.0/STM32CubeIDE/plugins/com.st.stm32cube.ide.mcu.externaltools.gnu-tools-for-stm32.13.3.rel1.win32_1.0.100.202509120712/tools/bin/../lib/gcc/arm-none-eabi/13.3.1/thumb/v8-m.main+fp/hard/crtbegin.o
 .ARM.attributes
                0x0000005e       0x3a ./App/Src/beamformer.o
 .ARM.attributes
                0x00000098       0x3a ./App/Src/bf_spi.o
 .ARM.attributes
                0x000000d2       0x3a ./App/Src/main.o
 .ARM.attributes
                0x0000010c       0x3a ./Core/Src/main.o
 .ARM.attributes
                0x00000146       0x3a ./Core/Src/stm32u5xx_hal_msp.o
 .ARM.attributes
                0x00000180       0x3a ./Core/Src/stm32u5xx_hal_timebase_tim.o
 .ARM.attributes
                0x000001ba       0x3a ./Core/Src/stm32u5xx_it.o
 .ARM.attributes
                0x000001f4       0x3a ./Core/Src/system_stm32u5xx.o
 .ARM.attributes
                0x0000022e       0x24 ./Core/Startup/startup_stm32u575zitxq.o
 .ARM.attributes
                0x00000252       0x3a ./Drivers/BSP/STM32U5xx_Nucleo/stm32u5xx_nucleo.o
 .ARM.attributes
                0x0000028c       0x3a ./Drivers/STM32U5xx_HAL_Driver/Src/stm32u5xx_hal.o
 .ARM.attributes
                0x000002c6       0x3a ./Drivers/STM32U5xx_HAL_Driver/Src/stm32u5xx_hal_cortex.o
 .ARM.attributes
                0x00000300       0x3a ./Drivers/STM32U5xx_HAL_Driver/Src/stm32u5xx_hal_exti.o
 .ARM.attributes
                0x0000033a       0x3a ./Drivers/STM32U5xx_HAL_Driver/Src/stm32u5xx_hal_gpio.o
 .ARM.attributes
                0x00000374       0x3a ./Drivers/STM32U5xx_HAL_Driver/Src/stm32u5xx_hal_icache.o
 .ARM.attributes
                0x000003ae       0x3a ./Drivers/STM32U5xx_HAL_Driver/Src/stm32u5xx_hal_pwr_ex.o
 .ARM.attributes
                0x000003e8       0x3a ./Drivers/STM32U5xx_HAL_Driver/Src/stm32u5xx_hal_rcc.o
 .ARM.attributes
                0x00000422       0x3a ./Drivers/STM32U5xx_HAL_Driver/Src/stm32u5xx_hal_rcc_ex.o
 .ARM.attributes
                0x0000045c       0x3a ./Drivers/STM32U5xx_HAL_Driver/Src/stm32u5xx_hal_spi.o
 .ARM.attributes
                0x00000496       0x3a ./Drivers/STM32U5xx_HAL_Driver/Src/stm32u5xx_hal_spi_ex.o
 .ARM.attributes
                0x000004d0       0x3a ./Drivers/STM32U5xx_HAL_Driver/Src/stm32u5xx_hal_tim.o
 .ARM.attributes
                0x0000050a       0x3a ./Drivers/STM32U5xx_HAL_Driver/Src/stm32u5xx_hal_tim_ex.o
 .ARM.attributes
                0x00000544       0x3a ./Drivers/STM32U5xx_HAL_Driver/Src/stm32u5xx_hal_uart.o
 .ARM.attributes
                0x0000057e       0x38 C:/ST/STM32CubeIDE_2.0.0/STM32CubeIDE/plugins/com.st.stm32cube.ide.mcu.externaltools.gnu-tools-for-stm32.13.3.rel1.win32_1.0.100.202509120712/tools/bin/../lib/gcc/arm-none-eabi/13.3.1/../../../../arm-none-eabi/lib/thumb/v8-m.main+fp/hard\libc_nano.a(libc_a-memset.o)
 .ARM.attributes
                0x000005b6       0x38 C:/ST/STM32CubeIDE_2.0.0/STM32CubeIDE/plugins/com.st.stm32cube.ide.mcu.externaltools.gnu-tools-for-stm32.13.3.rel1.win32_1.0.100.202509120712/tools/bin/../lib/gcc/arm-none-eabi/13.3.1/../../../../arm-none-eabi/lib/thumb/v8-m.main+fp/hard\libc_nano.a(libc_a-init.o)
 .ARM.attributes
                0x000005ee       0x26 C:/ST/STM32CubeIDE_2.0.0/STM32CubeIDE/plugins/com.st.stm32cube.ide.mcu.externaltools.gnu-tools-for-stm32.13.3.rel1.win32_1.0.100.202509120712/tools/bin/../lib/gcc/arm-none-eabi/13.3.1/thumb/v8-m.main+fp/hard\libgcc.a(_aeabi_uldivmod.o)
 .ARM.attributes
                0x00000614       0x38 C:/ST/STM32CubeIDE_2.0.0/STM32CubeIDE/plugins/com.st.stm32cube.ide.mcu.externaltools.gnu-tools-for-stm32.13.3.rel1.win32_1.0.100.202509120712/tools/bin/../lib/gcc/arm-none-eabi/13.3.1/thumb/v8-m.main+fp/hard\libgcc.a(_udivmoddi4.o)
 .ARM.attributes
                0x0000064c       0x26 C:/ST/STM32CubeIDE_2.0.0/STM32CubeIDE/plugins/com.st.stm32cube.ide.mcu.externaltools.gnu-tools-for-stm32.13.3.rel1.win32_1.0.100.202509120712/tools/bin/../lib/gcc/arm-none-eabi/13.3.1/thumb/v8-m.main+fp/hard\libgcc.a(_dvmd_tls.o)
 .ARM.attributes
                0x00000672       0x26 C:/ST/STM32CubeIDE_2.0.0/STM32CubeIDE/plugins/com.st.stm32cube.ide.mcu.externaltools.gnu-tools-for-stm32.13.3.rel1.win32_1.0.100.202509120712/tools/bin/../lib/gcc/arm-none-eabi/13.3.1/thumb/v8-m.main+fp/hard/crtn.o
OUTPUT(Anokiwave0165.elf elf32-littlearm)
LOAD linker stubs
LOAD C:/ST/STM32CubeIDE_2.0.0/STM32CubeIDE/plugins/com.st.stm32cube.ide.mcu.externaltools.gnu-tools-for-stm32.13.3.rel1.win32_1.0.100.202509120712/tools/bin/../lib/gcc/arm-none-eabi/13.3.1/../../../../arm-none-eabi/lib/thumb/v8-m.main+fp/hard\libc.a
LOAD C:/ST/STM32CubeIDE_2.0.0/STM32CubeIDE/plugins/com.st.stm32cube.ide.mcu.externaltools.gnu-tools-for-stm32.13.3.rel1.win32_1.0.100.202509120712/tools/bin/../lib/gcc/arm-none-eabi/13.3.1/../../../../arm-none-eabi/lib/thumb/v8-m.main+fp/hard\libm.a
LOAD C:/ST/STM32CubeIDE_2.0.0/STM32CubeIDE/plugins/com.st.stm32cube.ide.mcu.externaltools.gnu-tools-for-stm32.13.3.rel1.win32_1.0.100.202509120712/tools/bin/../lib/gcc/arm-none-eabi/13.3.1/thumb/v8-m.main+fp/hard\libgcc.a

.debug_info     0x00000000    0x1a618
 .debug_info    0x00000000      0x730 ./App/Src/beamformer.o
 .debug_info    0x00000730      0xba3 ./App/Src/bf_spi.o
 .debug_info    0x000012d3      0x422 ./App/Src/main.o
 .debug_info    0x000016f5     0x18b8 ./Core/Src/main.o
 .debug_info    0x00002fad     0x11e0 ./Core/Src/stm32u5xx_hal_msp.o
 .debug_info    0x0000418d     0x1171 ./Core/Src/stm32u5xx_hal_timebase_tim.o
 .debug_info    0x000052fe      0x9bb ./Core/Src/stm32u5xx_it.o
 .debug_info    0x00005cb9      0x929 ./Core/Src/system_stm32u5xx.o
 .debug_info    0x000065e2       0x30 ./Core/Startup/startup_stm32u575zitxq.o
 .debug_info    0x00006612     0x1bdd ./Drivers/BSP/STM32U5xx_Nucleo/stm32u5xx_nucleo.o
 .debug_info    0x000081ef     0x11ec ./Drivers/STM32U5xx_HAL_Driver/Src/stm32u5xx_hal.o
 .debug_info    0x000093db     0x163a ./Drivers/STM32U5xx_HAL_Driver/Src/stm32u5xx_hal_cortex.o
 .debug_info    0x0000aa15      0x736 ./Drivers/STM32U5xx_HAL_Driver/Src/stm32u5xx_hal_exti.o
 .debug_info    0x0000b14b      0x859 ./Drivers/STM32U5xx_HAL_Driver/Src/stm32u5xx_hal_gpio.o
 .debug_info    0x0000b9a4      0x4d6 ./Drivers/STM32U5xx_HAL_Driver/Src/stm32u5xx_hal_icache.o
 .debug_info    0x0000be7a      0xe3e ./Drivers/STM32U5xx_HAL_Driver/Src/stm32u5xx_hal_pwr_ex.o
 .debug_info    0x0000ccb8     0x11f0 ./Drivers/STM32U5xx_HAL_Driver/Src/stm32u5xx_hal_rcc.o
 .debug_info    0x0000dea8     0x157f ./Drivers/STM32U5xx_HAL_Driver/Src/stm32u5xx_hal_rcc_ex.o
 .debug_info    0x0000f427     0x15c7 ./Drivers/STM32U5xx_HAL_Driver/Src/stm32u5xx_hal_spi.o
 .debug_info    0x000109ee      0xa97 ./Drivers/STM32U5xx_HAL_Driver/Src/stm32u5xx_hal_spi_ex.o
 .debug_info    0x00011485     0x2e54 ./Drivers/STM32U5xx_HAL_Driver/Src/stm32u5xx_hal_tim.o
 .debug_info    0x000142d9     0x22e0 ./Drivers/STM32U5xx_HAL_Driver/Src/stm32u5xx_hal_tim_ex.o
 .debug_info    0x000165b9     0x405f ./Drivers/STM32U5xx_HAL_Driver/Src/stm32u5xx_hal_uart.o

.debug_abbrev   0x00000000     0x3330
 .debug_abbrev  0x00000000      0x21a ./App/Src/beamformer.o
 .debug_abbrev  0x0000021a      0x1ef ./App/Src/bf_spi.o
 .debug_abbrev  0x00000409      0x174 ./App/Src/main.o
 .debug_abbrev  0x0000057d      0x34c ./Core/Src/main.o
 .debug_abbrev  0x000008c9      0x1f4 ./Core/Src/stm32u5xx_hal_msp.o
 .debug_abbrev  0x00000abd      0x22a ./Core/Src/stm32u5xx_hal_timebase_tim.o
 .debug_abbrev  0x00000ce7      0x1b1 ./Core/Src/stm32u5xx_it.o
 .debug_abbrev  0x00000e98      0x129 ./Core/Src/system_stm32u5xx.o
 .debug_abbrev  0x00000fc1       0x24 ./Core/Startup/startup_stm32u575zitxq.o
 .debug_abbrev  0x00000fe5      0x343 ./Drivers/BSP/STM32U5xx_Nucleo/stm32u5xx_nucleo.o
 .debug_abbrev  0x00001328      0x2a5 ./Drivers/STM32U5xx_HAL_Driver/Src/stm32u5xx_hal.o
 .debug_abbrev  0x000015cd      0x311 ./Drivers/STM32U5xx_HAL_Driver/Src/stm32u5xx_hal_cortex.o
 .debug_abbrev  0x000018de      0x198 ./Drivers/STM32U5xx_HAL_Driver/Src/stm32u5xx_hal_exti.o
 .debug_abbrev  0x00001a76      0x25a ./Drivers/STM32U5xx_HAL_Driver/Src/stm32u5xx_hal_gpio.o
 .debug_abbrev  0x00001cd0      0x228 ./Drivers/STM32U5xx_HAL_Driver/Src/stm32u5xx_hal_icache.o
 .debug_abbrev  0x00001ef8      0x215 ./Drivers/STM32U5xx_HAL_Driver/Src/stm32u5xx_hal_pwr_ex.o
 .debug_abbrev  0x0000210d      0x2cb ./Drivers/STM32U5xx_HAL_Driver/Src/stm32u5xx_hal_rcc.o
 .debug_abbrev  0x000023d8      0x23d ./Drivers/STM32U5xx_HAL_Driver/Src/stm32u5xx_hal_rcc_ex.o
 .debug_abbrev  0x00002615      0x2bc ./Drivers/STM32U5xx_HAL_Driver/Src/stm32u5xx_hal_spi.o
 .debug_abbrev  0x000028d1      0x1c7 ./Drivers/STM32U5xx_HAL_Driver/Src/stm32u5xx_hal_spi_ex.o
 .debug_abbrev  0x00002a98      0x2bd ./Drivers/STM32U5xx_HAL_Driver/Src/stm32u5xx_hal_tim.o
 .debug_abbrev  0x00002d55      0x2d6 ./Drivers/STM32U5xx_HAL_Driver/Src/stm32u5xx_hal_tim_ex.o
 .debug_abbrev  0x0000302b      0x305 ./Drivers/STM32U5xx_HAL_Driver/Src/stm32u5xx_hal_uart.o

.debug_aranges  0x00000000     0x15b0
 .debug_aranges
                0x00000000       0x78 ./App/Src/beamformer.o
 .debug_aranges
                0x00000078       0x48 ./App/Src/bf_spi.o
 .debug_aranges
                0x000000c0       0x20 ./App/Src/main.o
 .debug_aranges
                0x000000e0       0x58 ./Core/Src/main.o
 .debug_aranges
                0x00000138       0x30 ./Core/Src/stm32u5xx_hal_msp.o
 .debug_aranges
                0x00000168       0x30 ./Core/Src/stm32u5xx_hal_timebase_tim.o
 .debug_aranges
                0x00000198       0x70 ./Core/Src/stm32u5xx_it.o
 .debug_aranges
                0x00000208       0x28 ./Core/Src/system_stm32u5xx.o
 .debug_aranges
                0x00000230       0x28 ./Core/Startup/startup_stm32u575zitxq.o
 .debug_aranges
                0x00000258       0xc8 ./Drivers/BSP/STM32U5xx_Nucleo/stm32u5xx_nucleo.o
 .debug_aranges
                0x00000320      0x148 ./Drivers/STM32U5xx_HAL_Driver/Src/stm32u5xx_hal.o
 .debug_aranges
                0x00000468      0x140 ./Drivers/STM32U5xx_HAL_Driver/Src/stm32u5xx_hal_cortex.o
 .debug_aranges
                0x000005a8       0x70 ./Drivers/STM32U5xx_HAL_Driver/Src/stm32u5xx_hal_exti.o
 .debug_aranges
                0x00000618       0x78 ./Drivers/STM32U5xx_HAL_Driver/Src/stm32u5xx_hal_gpio.o
 .debug_aranges
                0x00000690       0xa8 ./Drivers/STM32U5xx_HAL_Driver/Src/stm32u5xx_hal_icache.o
 .debug_aranges
                0x00000738      0x200 ./Drivers/STM32U5xx_HAL_Driver/Src/stm32u5xx_hal_pwr_ex.o
 .debug_aranges
                0x00000938       0xa8 ./Drivers/STM32U5xx_HAL_Driver/Src/stm32u5xx_hal_rcc.o
 .debug_aranges
                0x000009e0      0x160 ./Drivers/STM32U5xx_HAL_Driver/Src/stm32u5xx_hal_rcc_ex.o
 .debug_aranges
                0x00000b40      0x1a8 ./Drivers/STM32U5xx_HAL_Driver/Src/stm32u5xx_hal_spi.o
 .debug_aranges
                0x00000ce8       0x48 ./Drivers/STM32U5xx_HAL_Driver/Src/stm32u5xx_hal_spi_ex.o
 .debug_aranges
                0x00000d30      0x3e8 ./Drivers/STM32U5xx_HAL_Driver/Src/stm32u5xx_hal_tim.o
 .debug_aranges
                0x00001118      0x250 ./Drivers/STM32U5xx_HAL_Driver/Src/stm32u5xx_hal_tim_ex.o
 .debug_aranges
                0x00001368      0x248 ./Drivers/STM32U5xx_HAL_Driver/Src/stm32u5xx_hal_uart.o

.debug_rnglists
                0x00000000     0x10e2
 .debug_rnglists
                0x00000000       0x66 ./App/Src/beamformer.o
 .debug_rnglists
                0x00000066       0x31 ./App/Src/bf_spi.o
 .debug_rnglists
                0x00000097       0x14 ./App/Src/main.o
 .debug_rnglists
                0x000000ab       0x40 ./Core/Src/main.o
 .debug_rnglists
                0x000000eb       0x20 ./Core/Src/stm32u5xx_hal_msp.o
 .debug_rnglists
                0x0000010b       0x20 ./Core/Src/stm32u5xx_hal_timebase_tim.o
 .debug_rnglists
                0x0000012b       0x4f ./Core/Src/stm32u5xx_it.o
 .debug_rnglists
                0x0000017a       0x1a ./Core/Src/system_stm32u5xx.o
 .debug_rnglists
                0x00000194       0x19 ./Core/Startup/startup_stm32u575zitxq.o
 .debug_rnglists
                0x000001ad       0x94 ./Drivers/BSP/STM32U5xx_Nucleo/stm32u5xx_nucleo.o
 .debug_rnglists
                0x00000241       0xf3 ./Drivers/STM32U5xx_HAL_Driver/Src/stm32u5xx_hal.o
 .debug_rnglists
                0x00000334       0xec ./Drivers/STM32U5xx_HAL_Driver/Src/stm32u5xx_hal_cortex.o
 .debug_rnglists
                0x00000420       0x53 ./Drivers/STM32U5xx_HAL_Driver/Src/stm32u5xx_hal_exti.o
 .debug_rnglists
                0x00000473       0x5a ./Drivers/STM32U5xx_HAL_Driver/Src/stm32u5xx_hal_gpio.o
 .debug_rnglists
                0x000004cd       0x7a ./Drivers/STM32U5xx_HAL_Driver/Src/stm32u5xx_hal_icache.o
 .debug_rnglists
                0x00000547      0x186 ./Drivers/STM32U5xx_HAL_Driver/Src/stm32u5xx_hal_pwr_ex.o
 .debug_rnglists
                0x000006cd       0x7f ./Drivers/STM32U5xx_HAL_Driver/Src/stm32u5xx_hal_rcc.o
 .debug_rnglists
                0x0000074c      0x113 ./Drivers/STM32U5xx_HAL_Driver/Src/stm32u5xx_hal_rcc_ex.o
 .debug_rnglists
                0x0000085f      0x148 ./Drivers/STM32U5xx_HAL_Driver/Src/stm32u5xx_hal_spi.o
 .debug_rnglists
                0x000009a7       0x35 ./Drivers/STM32U5xx_HAL_Driver/Src/stm32u5xx_hal_spi_ex.o
 .debug_rnglists
                0x000009dc      0x333 ./Drivers/STM32U5xx_HAL_Driver/Src/stm32u5xx_hal_tim.o
 .debug_rnglists
                0x00000d0f      0x1d8 ./Drivers/STM32U5xx_HAL_Driver/Src/stm32u5xx_hal_tim_ex.o
 .debug_rnglists
                0x00000ee7      0x1fb ./Drivers/STM32U5xx_HAL_Driver/Src/stm32u5xx_hal_uart.o

.debug_macro    0x00000000    0x34223
 .debug_macro   0x00000000      0x310 ./App/Src/beamformer.o
 .debug_macro   0x00000310      0xae4 ./App/Src/beamformer.o
 .debug_macro   0x00000df4      0x207 ./App/Src/beamformer.o
 .debug_macro   0x00000ffb       0x2e ./App/Src/beamformer.o
 .debug_macro   0x00001029       0x42 ./App/Src/beamformer.o
 .debug_macro   0x0000106b       0x22 ./App/Src/beamformer.o
 .debug_macro   0x0000108d       0x8e ./App/Src/beamformer.o
 .debug_macro   0x0000111b       0x51 ./App/Src/beamformer.o
 .debug_macro   0x0000116c      0x103 ./App/Src/beamformer.o
 .debug_macro   0x0000126f       0x6a ./App/Src/beamformer.o
 .debug_macro   0x000012d9      0x1df ./App/Src/beamformer.o
 .debug_macro   0x000014b8       0x1c ./App/Src/beamformer.o
 .debug_macro   0x000014d4       0x29 ./App/Src/beamformer.o
 .debug_macro   0x000014fd       0xfb ./App/Src/beamformer.o
 .debug_macro   0x000015f8     0x1685 ./App/Src/beamformer.o
 .debug_macro   0x00002c7d       0x5e ./App/Src/beamformer.o
 .debug_macro   0x00002cdb    0x227a9 ./App/Src/beamformer.o
 .debug_macro   0x00025484       0x6d ./App/Src/beamformer.o
 .debug_macro   0x000254f1     0x393e ./App/Src/beamformer.o
 .debug_macro   0x00028e2f      0x190 ./App/Src/beamformer.o
 .debug_macro   0x00028fbf       0x61 ./App/Src/beamformer.o
 .debug_macro   0x00029020       0x2a ./App/Src/beamformer.o
 .debug_macro   0x0002904a       0x43 ./App/Src/beamformer.o
 .debug_macro   0x0002908d       0x34 ./App/Src/beamformer.o
 .debug_macro   0x000290c1      0x370 ./App/Src/beamformer.o
 .debug_macro   0x00029431       0x16 ./App/Src/beamformer.o
 .debug_macro   0x00029447       0x4a ./App/Src/beamformer.o
 .debug_macro   0x00029491       0x34 ./App/Src/beamformer.o
 .debug_macro   0x000294c5       0x10 ./App/Src/beamformer.o
 .debug_macro   0x000294d5       0x58 ./App/Src/beamformer.o
 .debug_macro   0x0002952d       0x8e ./App/Src/beamformer.o
 .debug_macro   0x000295bb       0x1c ./App/Src/beamformer.o
 .debug_macro   0x000295d7      0x185 ./App/Src/beamformer.o
 .debug_macro   0x0002975c      0x19b ./App/Src/beamformer.o
 .debug_macro   0x000298f7       0x5d ./App/Src/beamformer.o
 .debug_macro   0x00029954     0x1ae5 ./App/Src/beamformer.o
 .debug_macro   0x0002b439      0x7dc ./App/Src/beamformer.o
 .debug_macro   0x0002bc15      0x166 ./App/Src/beamformer.o
 .debug_macro   0x0002bd7b      0x2aa ./App/Src/beamformer.o
 .debug_macro   0x0002c025       0xc9 ./App/Src/beamformer.o
 .debug_macro   0x0002c0ee      0x5a5 ./App/Src/beamformer.o
 .debug_macro   0x0002c693      0x439 ./App/Src/beamformer.o
 .debug_macro   0x0002cacc       0xd6 ./App/Src/beamformer.o
 .debug_macro   0x0002cba2      0x1cd ./App/Src/beamformer.o
 .debug_macro   0x0002cd6f      0x432 ./App/Src/beamformer.o
 .debug_macro   0x0002d1a1       0x95 ./App/Src/beamformer.o
 .debug_macro   0x0002d236      0x11c ./App/Src/beamformer.o
 .debug_macro   0x0002d352      0x525 ./App/Src/beamformer.o
 .debug_macro   0x0002d877      0x4bf ./App/Src/beamformer.o
 .debug_macro   0x0002dd36      0x5cf ./App/Src/beamformer.o
 .debug_macro   0x0002e305       0xee ./App/Src/beamformer.o
 .debug_macro   0x0002e3f3       0xeb ./App/Src/beamformer.o
 .debug_macro   0x0002e4de      0xbcc ./App/Src/beamformer.o
 .debug_macro   0x0002f0aa      0x4ea ./App/Src/beamformer.o
 .debug_macro   0x0002f594      0x677 ./App/Src/beamformer.o
 .debug_macro   0x0002fc0b      0x1a1 ./App/Src/beamformer.o
 .debug_macro   0x0002fdac      0x1c0 ./App/Src/beamformer.o
 .debug_macro   0x0002ff6c      0x361 ./App/Src/beamformer.o
 .debug_macro   0x000302cd       0x28 ./App/Src/beamformer.o
 .debug_macro   0x000302f5       0x52 ./App/Src/beamformer.o
 .debug_macro   0x00030347       0x1c ./App/Src/beamformer.o
 .debug_macro   0x00030363       0x3c ./App/Src/beamformer.o
 .debug_macro   0x0003039f       0x10 ./App/Src/beamformer.o
 .debug_macro   0x000303af       0x1c ./App/Src/beamformer.o
 .debug_macro   0x000303cb       0x16 ./App/Src/beamformer.o
 .debug_macro   0x000303e1      0x146 ./App/Src/beamformer.o
 .debug_macro   0x00030527      0x12a ./App/Src/beamformer.o
 .debug_macro   0x00030651       0x10 ./App/Src/beamformer.o
 .debug_macro   0x00030661      0x2a0 ./App/Src/bf_spi.o
 .debug_macro   0x00030901      0x32a ./App/Src/main.o
 .debug_macro   0x00030c2b       0x58 ./App/Src/main.o
 .debug_macro   0x00030c83      0x2ef ./Core/Src/main.o
 .debug_macro   0x00030f72      0x2ef ./Core/Src/stm32u5xx_hal_msp.o
 .debug_macro   0x00031261      0x290 ./Core/Src/stm32u5xx_hal_timebase_tim.o
 .debug_macro   0x000314f1      0x2f9 ./Core/Src/stm32u5xx_it.o
 .debug_macro   0x000317ea      0x297 ./Core/Src/system_stm32u5xx.o
 .debug_macro   0x00031a81      0x2f1 ./Drivers/BSP/STM32U5xx_Nucleo/stm32u5xx_nucleo.o
 .debug_macro   0x00031d72       0x22 ./Drivers/BSP/STM32U5xx_Nucleo/stm32u5xx_nucleo.o
 .debug_macro   0x00031d94      0x2b4 ./Drivers/STM32U5xx_HAL_Driver/Src/stm32u5xx_hal.o
 .debug_macro   0x00032048      0x290 ./Drivers/STM32U5xx_HAL_Driver/Src/stm32u5xx_hal_cortex.o
 .debug_macro   0x000322d8      0x2a8 ./Drivers/STM32U5xx_HAL_Driver/Src/stm32u5xx_hal_exti.o
 .debug_macro   0x00032580      0x2c5 ./Drivers/STM32U5xx_HAL_Driver/Src/stm32u5xx_hal_gpio.o
 .debug_macro   0x00032845      0x2c2 ./Drivers/STM32U5xx_HAL_Driver/Src/stm32u5xx_hal_icache.o
 .debug_macro   0x00032b07      0x2bb ./Drivers/STM32U5xx_HAL_Driver/Src/stm32u5xx_hal_pwr_ex.o
 .debug_macro   0x00032dc2      0x396 ./Drivers/STM32U5xx_HAL_Driver/Src/stm32u5xx_hal_rcc.o
 .debug_macro   0x00033158      0x3ba ./Drivers/STM32U5xx_HAL_Driver/Src/stm32u5xx_hal_rcc_ex.o
 .debug_macro   0x00033512      0x298 ./Drivers/STM32U5xx_HAL_Driver/Src/stm32u5xx_hal_spi.o
 .debug_macro   0x000337aa      0x290 ./Drivers/STM32U5xx_HAL_Driver/Src/stm32u5xx_hal_spi_ex.o
 .debug_macro   0x00033a3a      0x298 ./Drivers/STM32U5xx_HAL_Driver/Src/stm32u5xx_hal_tim.o
 .debug_macro   0x00033cd2      0x296 ./Drivers/STM32U5xx_HAL_Driver/Src/stm32u5xx_hal_tim_ex.o
 .debug_macro   0x00033f68      0x2bb ./Drivers/STM32U5xx_HAL_Driver/Src/stm32u5xx_hal_uart.o

.debug_line     0x00000000    0x1c239
 .debug_line    0x00000000      0xd32 ./App/Src/beamformer.o
 .debug_line    0x00000d32      0xa2e ./App/Src/bf_spi.o
 .debug_line    0x00001760      0xa2a ./App/Src/main.o
 .debug_line    0x0000218a      0xb0a ./Core/Src/main.o
 .debug_line    0x00002c94      0x9be ./Core/Src/stm32u5xx_hal_msp.o
 .debug_line    0x00003652      0x933 ./Core/Src/stm32u5xx_hal_timebase_tim.o
 .debug_line    0x00003f85      0xa33 ./Core/Src/stm32u5xx_it.o
 .debug_line    0x000049b8      0x9ce ./Core/Src/system_stm32u5xx.o
 .debug_line    0x00005386       0x79 ./Core/Startup/startup_stm32u575zitxq.o
 .debug_line    0x000053ff      0xd1b ./Drivers/BSP/STM32U5xx_Nucleo/stm32u5xx_nucleo.o
 .debug_line    0x0000611a      0xd73 ./Drivers/STM32U5xx_HAL_Driver/Src/stm32u5xx_hal.o
 .debug_line    0x00006e8d      0xf1d ./Drivers/STM32U5xx_HAL_Driver/Src/stm32u5xx_hal_cortex.o
 .debug_line    0x00007daa      0xd12 ./Drivers/STM32U5xx_HAL_Driver/Src/stm32u5xx_hal_exti.o
 .debug_line    0x00008abc      0xe7c ./Drivers/STM32U5xx_HAL_Driver/Src/stm32u5xx_hal_gpio.o
 .debug_line    0x00009938      0xbc0 ./Drivers/STM32U5xx_HAL_Driver/Src/stm32u5xx_hal_icache.o
 .debug_line    0x0000a4f8     0x1248 ./Drivers/STM32U5xx_HAL_Driver/Src/stm32u5xx_hal_pwr_ex.o
 .debug_line    0x0000b740     0x175a ./Drivers/STM32U5xx_HAL_Driver/Src/stm32u5xx_hal_rcc.o
 .debug_line    0x0000ce9a     0x2385 ./Drivers/STM32U5xx_HAL_Driver/Src/stm32u5xx_hal_rcc_ex.o
 .debug_line    0x0000f21f     0x25e3 ./Drivers/STM32U5xx_HAL_Driver/Src/stm32u5xx_hal_spi.o
 .debug_line    0x00011802      0xaad ./Drivers/STM32U5xx_HAL_Driver/Src/stm32u5xx_hal_spi_ex.o
 .debug_line    0x000122af     0x4721 ./Drivers/STM32U5xx_HAL_Driver/Src/stm32u5xx_hal_tim.o
 .debug_line    0x000169d0     0x2322 ./Drivers/STM32U5xx_HAL_Driver/Src/stm32u5xx_hal_tim_ex.o
 .debug_line    0x00018cf2     0x3547 ./Drivers/STM32U5xx_HAL_Driver/Src/stm32u5xx_hal_uart.o

.debug_str      0x00000000   0x14a611
 .debug_str     0x00000000   0x14a611 ./App/Src/beamformer.o
                             0x1409a7 (size before relaxing)
 .debug_str     0x0014a611        0x0 ./App/Src/bf_spi.o
                             0x14002b (size before relaxing)
 .debug_str     0x0014a611        0x0 ./App/Src/main.o
                             0x140c26 (size before relaxing)
 .debug_str     0x0014a611        0x0 ./Core/Src/main.o
                             0x141971 (size before relaxing)
 .debug_str     0x0014a611        0x0 ./Core/Src/stm32u5xx_hal_msp.o
                             0x1413e3 (size before relaxing)
 .debug_str     0x0014a611        0x0 ./Core/Src/stm32u5xx_hal_timebase_tim.o
                             0x140965 (size before relaxing)
 .debug_str     0x0014a611        0x0 ./Core/Src/stm32u5xx_it.o
                             0x140e8f (size before relaxing)
 .debug_str     0x0014a611        0x0 ./Core/Src/system_stm32u5xx.o
                             0x13fbc3 (size before relaxing)
 .debug_str     0x0014a611        0x0 ./Core/Startup/startup_stm32u575zitxq.o
                                 0x86 (size before relaxing)
 .debug_str     0x0014a611        0x0 ./Drivers/BSP/STM32U5xx_Nucleo/stm32u5xx_nucleo.o
                             0x141ccf (size before relaxing)
 .debug_str     0x0014a611        0x0 ./Drivers/STM32U5xx_HAL_Driver/Src/stm32u5xx_hal.o
                             0x140a39 (size before relaxing)
 .debug_str     0x0014a611        0x0 ./Drivers/STM32U5xx_HAL_Driver/Src/stm32u5xx_hal_cortex.o
                             0x140808 (size before relaxing)
 .debug_str     0x0014a611        0x0 ./Drivers/STM32U5xx_HAL_Driver/Src/stm32u5xx_hal_exti.o
                             0x13fb3b (size before relaxing)
 .debug_str     0x0014a611        0x0 ./Drivers/STM32U5xx_HAL_Driver/Src/stm32u5xx_hal_gpio.o
                             0x13fbe8 (size before relaxing)
 .debug_str     0x0014a611        0x0 ./Drivers/STM32U5xx_HAL_Driver/Src/stm32u5xx_hal_icache.o
                             0x13fee5 (size before relaxing)
 .debug_str     0x0014a611        0x0 ./Drivers/STM32U5xx_HAL_Driver/Src/stm32u5xx_hal_pwr_ex.o
                             0x140303 (size before relaxing)
 .debug_str     0x0014a611        0x0 ./Drivers/STM32U5xx_HAL_Driver/Src/stm32u5xx_hal_rcc.o
                             0x1412b8 (size before relaxing)
 .debug_str     0x0014a611        0x0 ./Drivers/STM32U5xx_HAL_Driver/Src/stm32u5xx_hal_rcc_ex.o
                             0x14251b (size before relaxing)
 .debug_str     0x0014a611        0x0 ./Drivers/STM32U5xx_HAL_Driver/Src/stm32u5xx_hal_spi.o
                             0x1404b7 (size before relaxing)
 .debug_str     0x0014a611        0x0 ./Drivers/STM32U5xx_HAL_Driver/Src/stm32u5xx_hal_spi_ex.o
                             0x140027 (size before relaxing)
 .debug_str     0x0014a611        0x0 ./Drivers/STM32U5xx_HAL_Driver/Src/stm32u5xx_hal_tim.o
                             0x141006 (size before relaxing)
 .debug_str     0x0014a611        0x0 ./Drivers/STM32U5xx_HAL_Driver/Src/stm32u5xx_hal_tim_ex.o
                             0x140e7e (size before relaxing)
 .debug_str     0x0014a611        0x0 ./Drivers/STM32U5xx_HAL_Driver/Src/stm32u5xx_hal_uart.o
                             0x14088a (size before relaxing)

.comment        0x00000000       0x43
 .comment       0x00000000       0x43 ./App/Src/beamformer.o
                                 0x44 (size before relaxing)
 .comment       0x00000043        0x0 ./App/Src/bf_spi.o
                                 0x44 (size before relaxing)
 .comment       0x00000043        0x0 ./App/Src/main.o
                                 0x44 (size before relaxing)
 .comment       0x00000043        0x0 ./Core/Src/main.o
                                 0x44 (size before relaxing)
 .comment       0x00000043        0x0 ./Core/Src/stm32u5xx_hal_msp.o
                                 0x44 (size before relaxing)
 .comment       0x00000043        0x0 ./Core/Src/stm32u5xx_hal_timebase_tim.o
                                 0x44 (size before relaxing)
 .comment       0x00000043        0x0 ./Core/Src/stm32u5xx_it.o
                                 0x44 (size before relaxing)
 .comment       0x00000043        0x0 ./Core/Src/system_stm32u5xx.o
                                 0x44 (size before relaxing)
 .comment       0x00000043        0x0 ./Drivers/BSP/STM32U5xx_Nucleo/stm32u5xx_nucleo.o
                                 0x44 (size before relaxing)
 .comment       0x00000043        0x0 ./Drivers/STM32U5xx_HAL_Driver/Src/stm32u5xx_hal.o
                                 0x44 (size before relaxing)
 .comment       0x00000043        0x0 ./Drivers/STM32U5xx_HAL_Driver/Src/stm32u5xx_hal_cortex.o
                                 0x44 (size before relaxing)
 .comment       0x00000043        0x0 ./Drivers/STM32U5xx_HAL_Driver/Src/stm32u5xx_hal_exti.o
                                 0x44 (size before relaxing)
 .comment       0x00000043        0x0 ./Drivers/STM32U5xx_HAL_Driver/Src/stm32u5xx_hal_gpio.o
                                 0x44 (size before relaxing)
 .comment       0x00000043        0x0 ./Drivers/STM32U5xx_HAL_Driver/Src/stm32u5xx_hal_icache.o
                                 0x44 (size before relaxing)
 .comment       0x00000043        0x0 ./Drivers/STM32U5xx_HAL_Driver/Src/stm32u5xx_hal_pwr_ex.o
                                 0x44 (size before relaxing)
 .comment       0x00000043        0x0 ./Drivers/STM32U5xx_HAL_Driver/Src/stm32u5xx_hal_rcc.o
                                 0x44 (size before relaxing)
 .comment       0x00000043        0x0 ./Drivers/STM32U5xx_HAL_Driver/Src/stm32u5xx_hal_rcc_ex.o
                                 0x44 (size before relaxing)
 .comment       0x00000043        0x0 ./Drivers/STM32U5xx_HAL_Driver/Src/stm32u5xx_hal_spi.o
                                 0x44 (size before relaxing)
 .comment       0x00000043        0x0 ./Drivers/STM32U5xx_HAL_Driver/Src/stm32u5xx_hal_spi_ex.o
                                 0x44 (size before relaxing)
 .comment       0x00000043        0x0 ./Drivers/STM32U5xx_HAL_Driver/Src/stm32u5xx_hal_tim.o
                                 0x44 (size before relaxing)
 .comment       0x00000043        0x0 ./Drivers/STM32U5xx_HAL_Driver/Src/stm32u5xx_hal_tim_ex.o
                                 0x44 (size before relaxing)
 .comment       0x00000043        0x0 ./Drivers/STM32U5xx_HAL_Driver/Src/stm32u5xx_hal_uart.o
                                 0x44 (size before relaxing)

.debug_frame    0x00000000     0x5c54
 .debug_frame   0x00000000      0x218 ./App/Src/beamformer.o
 .debug_frame   0x00000218       0xec ./App/Src/bf_spi.o
 .debug_frame   0x00000304       0x38 ./App/Src/main.o
 .debug_frame   0x0000033c      0x110 ./Core/Src/main.o
 .debug_frame   0x0000044c       0x80 ./Core/Src/stm32u5xx_hal_msp.o
 .debug_frame   0x000004cc       0x74 ./Core/Src/stm32u5xx_hal_timebase_tim.o
 .debug_frame   0x00000540      0x140 ./Core/Src/stm32u5xx_it.o
 .debug_frame   0x00000680       0x58 ./Core/Src/system_stm32u5xx.o
 .debug_frame   0x000006d8      0x31c ./Drivers/BSP/STM32U5xx_Nucleo/stm32u5xx_nucleo.o
 .debug_frame   0x000009f4      0x500 ./Drivers/STM32U5xx_HAL_Driver/Src/stm32u5xx_hal.o
 .debug_frame   0x00000ef4      0x560 ./Drivers/STM32U5xx_HAL_Driver/Src/stm32u5xx_hal_cortex.o
 .debug_frame   0x00001454      0x1c4 ./Drivers/STM32U5xx_HAL_Driver/Src/stm32u5xx_hal_exti.o
 .debug_frame   0x00001618      0x1ec ./Drivers/STM32U5xx_HAL_Driver/Src/stm32u5xx_hal_gpio.o
 .debug_frame   0x00001804      0x298 ./Drivers/STM32U5xx_HAL_Driver/Src/stm32u5xx_hal_icache.o
 .debug_frame   0x00001a9c      0x84c ./Drivers/STM32U5xx_HAL_Driver/Src/stm32u5xx_hal_pwr_ex.o
 .debug_frame   0x000022e8      0x288 ./Drivers/STM32U5xx_HAL_Driver/Src/stm32u5xx_hal_rcc.o
 .debug_frame   0x00002570      0x5f0 ./Drivers/STM32U5xx_HAL_Driver/Src/stm32u5xx_hal_rcc_ex.o
 .debug_frame   0x00002b60      0x7ac ./Drivers/STM32U5xx_HAL_Driver/Src/stm32u5xx_hal_spi.o
 .debug_frame   0x0000330c      0x100 ./Drivers/STM32U5xx_HAL_Driver/Src/stm32u5xx_hal_spi_ex.o
 .debug_frame   0x0000340c     0x125c ./Drivers/STM32U5xx_HAL_Driver/Src/stm32u5xx_hal_tim.o
 .debug_frame   0x00004668      0xab8 ./Drivers/STM32U5xx_HAL_Driver/Src/stm32u5xx_hal_tim_ex.o
 .debug_frame   0x00005120      0xa84 ./Drivers/STM32U5xx_HAL_Driver/Src/stm32u5xx_hal_uart.o
 .debug_frame   0x00005ba4       0x20 C:/ST/STM32CubeIDE_2.0.0/STM32CubeIDE/plugins/com.st.stm32cube.ide.mcu.externaltools.gnu-tools-for-stm32.13.3.rel1.win32_1.0.100.202509120712/tools/bin/../lib/gcc/arm-none-eabi/13.3.1/../../../../arm-none-eabi/lib/thumb/v8-m.main+fp/hard\libc_nano.a(libc_a-memset.o)
 .debug_frame   0x00005bc4       0x2c C:/ST/STM32CubeIDE_2.0.0/STM32CubeIDE/plugins/com.st.stm32cube.ide.mcu.externaltools.gnu-tools-for-stm32.13.3.rel1.win32_1.0.100.202509120712/tools/bin/../lib/gcc/arm-none-eabi/13.3.1/../../../../arm-none-eabi/lib/thumb/v8-m.main+fp/hard\libc_nano.a(libc_a-init.o)
 .debug_frame   0x00005bf0       0x2c C:/ST/STM32CubeIDE_2.0.0/STM32CubeIDE/plugins/com.st.stm32cube.ide.mcu.externaltools.gnu-tools-for-stm32.13.3.rel1.win32_1.0.100.202509120712/tools/bin/../lib/gcc/arm-none-eabi/13.3.1/thumb/v8-m.main+fp/hard\libgcc.a(_aeabi_uldivmod.o)
 .debug_frame   0x00005c1c       0x38 C:/ST/STM32CubeIDE_2.0.0/STM32CubeIDE/plugins/com.st.stm32cube.ide.mcu.externaltools.gnu-tools-for-stm32.13.3.rel1.win32_1.0.100.202509120712/tools/bin/../lib/gcc/arm-none-eabi/13.3.1/thumb/v8-m.main+fp/hard\libgcc.a(_udivmoddi4.o)

.debug_line_str
                0x00000000       0x6a
 .debug_line_str
                0x00000000       0x6a ./Core/Startup/startup_stm32u575zitxq.o
